Component: ARM Compiler 5.06 update 7 (build 960) Tool: armlink [4d3601]

==============================================================================

Section Cross References

    startup_stm32f10x_hd.o(RESET) refers to startup_stm32f10x_hd.o(STACK) for __initial_sp
    startup_stm32f10x_hd.o(RESET) refers to startup_stm32f10x_hd.o(.text) for Reset_Handler
    startup_stm32f10x_hd.o(RESET) refers to stm32f10x_it.o(i.NMI_Handler) for NMI_Handler
    startup_stm32f10x_hd.o(RESET) refers to stm32f10x_it.o(i.HardFault_Handler) for HardFault_Handler
    startup_stm32f10x_hd.o(RESET) refers to stm32f10x_it.o(i.MemManage_Handler) for MemManage_Handler
    startup_stm32f10x_hd.o(RESET) refers to stm32f10x_it.o(i.BusFault_Handler) for BusFault_Handler
    startup_stm32f10x_hd.o(RESET) refers to stm32f10x_it.o(i.UsageFault_Handler) for UsageFault_Handler
    startup_stm32f10x_hd.o(RESET) refers to port.o(.emb_text) for SVC_Handler
    startup_stm32f10x_hd.o(RESET) refers to stm32f10x_it.o(i.DebugMon_Handler) for DebugMon_Handler
    startup_stm32f10x_hd.o(RESET) refers to stm32f10x_it.o(i.SysTick_Handler) for SysTick_Handler
    startup_stm32f10x_hd.o(RESET) refers to bsp_adc.o(i.ADC1_2_IRQHandler) for ADC1_2_IRQHandler
    startup_stm32f10x_hd.o(.text) refers to system_stm32f10x.o(i.SystemInit) for SystemInit
    startup_stm32f10x_hd.o(.text) refers to entry.o(.ARM.Collect$$$$00000000) for __main
    system_stm32f10x.o(i.SetSysClock) refers to system_stm32f10x.o(i.SetSysClockTo72) for SetSysClockTo72
    system_stm32f10x.o(i.SystemCoreClockUpdate) refers to system_stm32f10x.o(.data) for SystemCoreClock
    system_stm32f10x.o(i.SystemInit) refers to system_stm32f10x.o(i.SetSysClock) for SetSysClock
    stm32f10x_adc.o(i.ADC_DeInit) refers to stm32f10x_rcc.o(i.RCC_APB2PeriphResetCmd) for RCC_APB2PeriphResetCmd
    stm32f10x_bkp.o(i.BKP_DeInit) refers to stm32f10x_rcc.o(i.RCC_BackupResetCmd) for RCC_BackupResetCmd
    stm32f10x_can.o(i.CAN_DeInit) refers to stm32f10x_rcc.o(i.RCC_APB1PeriphResetCmd) for RCC_APB1PeriphResetCmd
    stm32f10x_can.o(i.CAN_GetITStatus) refers to stm32f10x_can.o(i.CheckITStatus) for CheckITStatus
    stm32f10x_cec.o(i.CEC_DeInit) refers to stm32f10x_rcc.o(i.RCC_APB1PeriphResetCmd) for RCC_APB1PeriphResetCmd
    stm32f10x_dac.o(i.DAC_DeInit) refers to stm32f10x_rcc.o(i.RCC_APB1PeriphResetCmd) for RCC_APB1PeriphResetCmd
    stm32f10x_flash.o(i.FLASH_EnableWriteProtection) refers to stm32f10x_flash.o(i.FLASH_WaitForLastOperation) for FLASH_WaitForLastOperation
    stm32f10x_flash.o(i.FLASH_EraseAllBank1Pages) refers to stm32f10x_flash.o(i.FLASH_WaitForLastBank1Operation) for FLASH_WaitForLastBank1Operation
    stm32f10x_flash.o(i.FLASH_EraseAllPages) refers to stm32f10x_flash.o(i.FLASH_WaitForLastOperation) for FLASH_WaitForLastOperation
    stm32f10x_flash.o(i.FLASH_EraseOptionBytes) refers to stm32f10x_flash.o(i.FLASH_GetReadOutProtectionStatus) for FLASH_GetReadOutProtectionStatus
    stm32f10x_flash.o(i.FLASH_EraseOptionBytes) refers to stm32f10x_flash.o(i.FLASH_WaitForLastOperation) for FLASH_WaitForLastOperation
    stm32f10x_flash.o(i.FLASH_ErasePage) refers to stm32f10x_flash.o(i.FLASH_WaitForLastOperation) for FLASH_WaitForLastOperation
    stm32f10x_flash.o(i.FLASH_ProgramHalfWord) refers to stm32f10x_flash.o(i.FLASH_WaitForLastOperation) for FLASH_WaitForLastOperation
    stm32f10x_flash.o(i.FLASH_ProgramOptionByteData) refers to stm32f10x_flash.o(i.FLASH_WaitForLastOperation) for FLASH_WaitForLastOperation
    stm32f10x_flash.o(i.FLASH_ProgramWord) refers to stm32f10x_flash.o(i.FLASH_WaitForLastOperation) for FLASH_WaitForLastOperation
    stm32f10x_flash.o(i.FLASH_ReadOutProtection) refers to stm32f10x_flash.o(i.FLASH_WaitForLastOperation) for FLASH_WaitForLastOperation
    stm32f10x_flash.o(i.FLASH_UserOptionByteConfig) refers to stm32f10x_flash.o(i.FLASH_WaitForLastOperation) for FLASH_WaitForLastOperation
    stm32f10x_flash.o(i.FLASH_WaitForLastBank1Operation) refers to stm32f10x_flash.o(i.FLASH_GetBank1Status) for FLASH_GetBank1Status
    stm32f10x_flash.o(i.FLASH_WaitForLastOperation) refers to stm32f10x_flash.o(i.FLASH_GetBank1Status) for FLASH_GetBank1Status
    stm32f10x_gpio.o(i.GPIO_AFIODeInit) refers to stm32f10x_rcc.o(i.RCC_APB2PeriphResetCmd) for RCC_APB2PeriphResetCmd
    stm32f10x_gpio.o(i.GPIO_DeInit) refers to stm32f10x_rcc.o(i.RCC_APB2PeriphResetCmd) for RCC_APB2PeriphResetCmd
    stm32f10x_i2c.o(i.I2C_DeInit) refers to stm32f10x_rcc.o(i.RCC_APB1PeriphResetCmd) for RCC_APB1PeriphResetCmd
    stm32f10x_i2c.o(i.I2C_Init) refers to stm32f10x_rcc.o(i.RCC_GetClocksFreq) for RCC_GetClocksFreq
    stm32f10x_pwr.o(i.PWR_DeInit) refers to stm32f10x_rcc.o(i.RCC_APB1PeriphResetCmd) for RCC_APB1PeriphResetCmd
    stm32f10x_rcc.o(i.RCC_GetClocksFreq) refers to stm32f10x_rcc.o(.data) for APBAHBPrescTable
    stm32f10x_rcc.o(i.RCC_WaitForHSEStartUp) refers to stm32f10x_rcc.o(i.RCC_GetFlagStatus) for RCC_GetFlagStatus
[...]
    i.AppTaskCreate                          0x08000e98   Section        0  main.o(i.AppTaskCreate)
    AppTaskCreate                            0x08000e99   Thumb Code   260  main.o(i.AppTaskCreate)
    i.BSP_Init                               0x080011f8   Section        0  main.o(i.BSP_Init)
    BSP_Init                                 0x080011f9   Thumb Code    46  main.o(i.BSP_Init)
    i.Brake_Disc_Temperature_Task            0x08001228   Section        0  main.o(i.Brake_Disc_Temperature_Task)
    Brake_Disc_Temperature_Task              0x08001229   Thumb Code   240  main.o(i.Brake_Disc_Temperature_Task)
    i.Brake_Oil_Pressure_Task                0x080013a4   Section        0  main.o(i.Brake_Oil_Pressure_Task)
    Brake_Oil_Pressure_Task                  0x080013a5   Thumb Code   100  main.o(i.Brake_Oil_Pressure_Task)
    i.BusFault_Handler                       0x08001448   Section        0  stm32f10x_it.o(i.BusFault_Handler)
    i.DEBUG_USART_Confog                     0x0800144c   Section        0  bsp_usart.o(i.DEBUG_USART_Confog)
    i.DebugMon_Handler                       0x08001490   Section        0  stm32f10x_it.o(i.DebugMon_Handler)
    i.Delay_Init                             0x08001494   Section        0  bsp_delay.o(i.Delay_Init)
    i.GPIO_Init                              0x080014d8   Section        0  stm32f10x_gpio.o(i.GPIO_Init)
    i.GPIO_ReadInputDataBit                  0x080015ee   Section        0  stm32f10x_gpio.o(i.GPIO_ReadInputDataBit)
    i.GPIO_ResetBits                         0x08001600   Section        0  stm32f10x_gpio.o(i.GPIO_ResetBits)
    i.GPIO_SetBits                           0x08001604   Section        0  stm32f10x_gpio.o(i.GPIO_SetBits)
    i.HardFault_Handler                      0x08001608   Section        0  stm32f10x_it.o(i.HardFault_Handler)
    i.KEY_Config                             0x08001628   Section        0  bsp_key.o(i.KEY_Config)
    i.KEY_Task                               0x0800169c   Section        0  main.o(i.KEY_Task)
    KEY_Task                                 0x0800169d   Thumb Code   226  main.o(i.KEY_Task)
    i.Key_Scan                               0x080017bc   Section        0  bsp_key.o(i.Key_Scan)
    i.LED_Config                             0x080018d4   Section        0  bsp_led.o(i.LED_Config)
    i.MPU6050ReadAcc                         0x08001900   Section        0  mpu6050.o(i.MPU6050ReadAcc)
    i.MPU6050_GPIO_Config                    0x08001940   Section        0  mpu6050.o(i.MPU6050_GPIO_Config)
    i.MPU6050_Init                           0x08001974   Section        0  mpu6050.o(i.MPU6050_Init)
    i.MPU6050_ReadData                       0x080019c0   Section        0  mpu6050.o(i.MPU6050_ReadData)
    i.MPU6050_ReturnTemp                     0x08001a18   Section        0  mpu6050.o(i.MPU6050_ReturnTemp)
    i.MPU6050_WriteReg                       0x08001a6c   Section        0  mpu6050.o(i.MPU6050_WriteReg)
    i.MemManage_Handler                      0x08001a9a   Section        0  stm32f10x_it.o(i.MemManage_Handler)
    i.NMI_Handler                            0x08001a9e   Section        0  stm32f10x_it.o(i.NMI_Handler)
    i.NVIC_Init                              0x08001aa0   Section        0  misc.o(i.NVIC_Init)
    i.NVIC_PriorityGroupConfig               0x08001b10   Section        0  misc.o(i.NVIC_PriorityGroupConfig)
    i.PCM300D_deal                           0x08001b24   Section        0  bsp_pcm300d.o(i.PCM300D_deal)
    i.PEC_Calculation                        0x08001b7c   Section        0  bsp_smbus_temperature.o(i.PEC_Calculation)
    i.RCC_ADCCLKConfig                       0x08001c38   Section        0  stm32f10x_rcc.o(i.RCC_ADCCLKConfig)
    i.RCC_AHBPeriphClockCmd                  0x08001c50   Section        0  stm32f10x_rcc.o(i.RCC_AHBPeriphClockCmd)
    i.RCC_APB2PeriphClockCmd                 0x08001c70   Section        0  stm32f10x_rcc.o(i.RCC_APB2PeriphClockCmd)
    i.RCC_APB2PeriphResetCmd                 0x08001c90   Section        0  stm32f10x_rcc.o(i.RCC_APB2PeriphResetCmd)
    i.RCC_GetClocksFreq                      0x08001cb0   Section        0  stm32f10x_rcc.o(i.RCC_GetClocksFreq)
    i.SMBus_Delay                            0x08001d84   Section        0  bsp_smbus_temperature.o(i.SMBus_Delay)
    i.SMBus_GPIO_Init                        0x08001d90   Section        0  bsp_smbus_temperature.o(i.SMBus_GPIO_Init)
    i.SMBus_ReadMemory                       0x08001dcc   Section        0  bsp_smbus_temperature.o(i.SMBus_ReadMemory)
    i.SMBus_Read_Body_Temperature            0x08001e80   Section        0  bsp_smbus_temperature.o(i.SMBus_Read_Body_Temperature)
    i.SMBus_Read_Enviroment_Temperature      0x08001ec8   Section        0  bsp_smbus_temperature.o(i.SMBus_Read_Enviroment_Temperature)
    i.SMBus_ReceiveBit                       0x08001f10   Section        0  bsp_smbus_temperature.o(i.SMBus_ReceiveBit)
    i.SMBus_ReceiveByte                      0x08001f58   Section        0  bsp_smbus_temperature.o(i.SMBus_ReceiveByte)
    i.SMBus_SendBit                          0x08001f8c   Section        0  bsp_smbus_temperature.o(i.SMBus_SendBit)
    i.SMBus_SendByte                         0x08001fd0   Section        0  bsp_smbus_temperature.o(i.SMBus_SendByte)
    i.SMBus_StartBit                         0x08002004   Section        0  bsp_smbus_temperature.o(i.SMBus_StartBit)
    i.SMBus_StopBit                          0x08002048   Section        0  bsp_smbus_temperature.o(i.SMBus_StopBit)
    i.SetSysClock                            0x08002088   Section        0  system_stm32f10x.o(i.SetSysClock)
    SetSysClock                              0x08002089   Thumb Code     8  system_stm32f10x.o(i.SetSysClock)
    i.SetSysClockTo72                        0x08002090   Section        0  system_stm32f10x.o(i.SetSysClockTo72)
    SetSysClockTo72                          0x08002091   Thumb Code   214  system_stm32f10x.o(i.SetSysClockTo72)
    i.Suspension_Displacement_Task           0x08002170   Section        0  main.o(i.Suspension_Displacement_Task)
    Suspension_Displacement_Task             0x08002171   Thumb Code   104  main.o(i.Suspension_Displacement_Task)
    i.SysTick_CLKSourceConfig                0x08002234   Section        0  misc.o(i.SysTick_CLKSourceConfig)
    i.SysTick_Handler                        0x0800225c   Section        0  stm32f10x_it.o(i.SysTick_Handler)
    i.SystemInit                             0x0800226c   Section        0  system_stm32f10x.o(i.SystemInit)
    i.Three_Axis_Acceleration_Task           0x080022cc   Section        0  main.o(i.Three_Axis_Acceleration_Task)
    Three_Axis_Acceleration_Task             0x080022cd   Thumb Code   200  main.o(i.Three_Axis_Acceleration_Task)
    i.USART_Cmd                              0x080023e8   Section        0  stm32f10x_usart.o(i.USART_Cmd)
    i.USART_Config                           0x08002400   Section        0  bsp_usart.o(i.USART_Config)
    i.USART_GetFlagStatus                    0x08002410   Section        0  stm32f10x_usart.o(i.USART_GetFlagStatus)
    i.USART_Gpio_Config                      0x0800242c   Section        0  bsp_usart.o(i.USART_Gpio_Config)
    i.USART_ITConfig                         0x08002474   Section        0  stm32f10x_usart.o(i.USART_ITConfig)
    i.USART_Init                             0x080024c0   Section        0  stm32f10x_usart.o(i.USART_Init)
    i.USART_NVIC_Config                      0x08002598   Section        0  bsp_usart.o(i.USART_NVIC_Config)
    i.USART_SendData                         0x080025b8   Section        0  stm32f10x_usart.o(i.USART_SendData)
    i.UsageFault_Handler                     0x080025c0   Section        0  stm32f10x_it.o(i.UsageFault_Handler)
    i.XJWY_deal                              0x080025c4   Section        0  bsp_xjwy.o(i.XJWY_deal)
    i.__0printf                              0x0800262c   Section        0  printfa.o(i.__0printf)
    i.__scatterload_copy                     0x0800264c   Section       14  handlers.o(i.__scatterload_copy)
    i.__scatterload_null                     0x0800265a   Section        2  handlers.o(i.__scatterload_null)
    i.__scatterload_zeroinit                 0x0800265c   Section       14  handlers.o(i.__scatterload_zeroinit)
    i._fp_digits                             0x0800266c   Section        0  printfa.o(i._fp_digits)
    _fp_digits                               0x0800266d   Thumb Code   366  printfa.o(i._fp_digits)
    i._printf_core                           0x080027f0   Section        0  printfa.o(i._printf_core)
    _printf_core                             0x080027f1   Thumb Code  1704  printfa.o(i._printf_core)
    i._printf_post_padding                   0x08002ea4   Section        0  printfa.o(i._printf_post_padding)
    _printf_post_padding                     0x08002ea5   Thumb Code    36  printfa.o(i._printf_post_padding)
    i._printf_pre_padding                    0x08002ec8   Section        0  printfa.o(i._printf_pre_padding)
    _printf_pre_padding                      0x08002ec9   Thumb Code    46  printfa.o(i._printf_pre_padding)
    i.delay_ms                               0x08002ef8   Section        0  bsp_delay.o(i.delay_ms)
    i.delay_us                               0x08002f3c   Section        0  bsp_delay.o(i.delay_us)
    i.delay_xms                              0x08002f84   Section        0  bsp_delay.o(i.delay_xms)
    i.fputc                                  0x08002f9c   Section        0  bsp_usart.o(i.fputc)
    i.i2c_Ack                                0x08002fc0   Section        0  bsp_i2c_mpu6050.o(i.i2c_Ack)
    i.i2c_Delay                              0x08002ff4   Section        0  bsp_i2c_mpu6050.o(i.i2c_Delay)
    i2c_Delay                                0x08002ff5   Thumb Code    14  bsp_i2c_mpu6050.o(i.i2c_Delay)
    i.i2c_GPIO_Config                        0x08003004   Section        0  bsp_i2c_mpu6050.o(i.i2c_GPIO_Config)
    i.i2c_NAck                               0x08003030   Section        0  bsp_i2c_mpu6050.o(i.i2c_NAck)
    i.i2c_ReadByte                           0x0800305c   Section        0  bsp_i2c_mpu6050.o(i.i2c_ReadByte)
    i.i2c_SendByte                           0x080030ac   Section        0  bsp_i2c_mpu6050.o(i.i2c_SendByte)
    i.i2c_Start                              0x08003108   Section        0  bsp_i2c_mpu6050.o(i.i2c_Start)
    i.i2c_Stop                               0x0800313c   Section        0  bsp_i2c_mpu6050.o(i.i2c_Stop)
    i.i2c_WaitAck                            0x08003160   Section        0  bsp_i2c_mpu6050.o(i.i2c_WaitAck)
    i.main                                   0x080031a0   Section        0  main.o(i.main)
    i.prvAddCurrentTaskToDelayedList         0x0800322c   Section        0  tasks.o(i.prvAddCurrentTaskToDelayedList)
    prvAddCurrentTaskToDelayedList           0x0800322d   Thumb Code   124  tasks.o(i.prvAddCurrentTaskToDelayedList)
    i.prvAddNewTaskToReadyList               0x080032c4   Section        0  tasks.o(i.prvAddNewTaskToReadyList)
    prvAddNewTaskToReadyList                 0x080032c5   Thumb Code   156  tasks.o(i.prvAddNewTaskToReadyList)
    i.prvCheckForValidListAndQueue           0x0800337c   Section        0  timers.o(i.prvCheckForValidListAndQueue)
    prvCheckForValidListAndQueue             0x0800337d   Thumb Code    78  timers.o(i.prvCheckForValidListAndQueue)
    i.prvCheckTasksWaitingTermination        0x080033f0   Section        0  tasks.o(i.prvCheckTasksWaitingTermination)
    prvCheckTasksWaitingTermination          0x080033f1   Thumb Code    86  tasks.o(i.prvCheckTasksWaitingTermination)
    i.prvCopyDataFromQueue                   0x08003454   Section        0  queue.o(i.prvCopyDataFromQueue)
    prvCopyDataFromQueue                     0x08003455   Thumb Code    42  queue.o(i.prvCopyDataFromQueue)
    i.prvCopyDataToQueue                     0x0800347e   Section        0  queue.o(i.prvCopyDataToQueue)
    prvCopyDataToQueue                       0x0800347f   Thumb Code   106  queue.o(i.prvCopyDataToQueue)
    i.prvDeleteTCB                           0x080034e8   Section        0  tasks.o(i.prvDeleteTCB)
    prvDeleteTCB                             0x080034e9   Thumb Code    40  tasks.o(i.prvDeleteTCB)
    i.prvGetNextExpireTime                   0x08003510   Section        0  timers.o(i.prvGetNextExpireTime)
    prvGetNextExpireTime                     0x08003511   Thumb Code    36  timers.o(i.prvGetNextExpireTime)
    i.prvHeapInit                            0x08003538   Section        0  heap_4.o(i.prvHeapInit)
    prvHeapInit                              0x08003539   Thumb Code    98  heap_4.o(i.prvHeapInit)
    i.prvIdleTask                            0x080035b4   Section        0  tasks.o(i.prvIdleTask)
    prvIdleTask                              0x080035b5   Thumb Code    32  tasks.o(i.prvIdleTask)
    i.prvInitialiseNewQueue                  0x080035dc   Section        0  queue.o(i.prvInitialiseNewQueue)
    prvInitialiseNewQueue                    0x080035dd   Thumb Code    42  queue.o(i.prvInitialiseNewQueue)
    i.prvInitialiseNewTask                   0x08003606   Section        0  tasks.o(i.prvInitialiseNewTask)
    prvInitialiseNewTask                     0x08003607   Thumb Code   142  tasks.o(i.prvInitialiseNewTask)
    i.prvInitialiseTaskLists                 0x08003694   Section        0  tasks.o(i.prvInitialiseTaskLists)
    prvInitialiseTaskLists                   0x08003695   Thumb Code    70  tasks.o(i.prvInitialiseTaskLists)
    i.prvInsertBlockIntoFreeList             0x080036fc   Section        0  heap_4.o(i.prvInsertBlockIntoFreeList)
    prvInsertBlockIntoFreeList               0x080036fd   Thumb Code    96  heap_4.o(i.prvInsertBlockIntoFreeList)
    i.prvInsertTimerInActiveList             0x08003764   Section        0  timers.o(i.prvInsertTimerInActiveList)
    prvInsertTimerInActiveList               0x08003765   Thumb Code    80  timers.o(i.prvInsertTimerInActiveList)
    i.prvIsQueueEmpty                        0x080037bc   Section        0  queue.o(i.prvIsQueueEmpty)
    prvIsQueueEmpty                          0x080037bd   Thumb Code    26  queue.o(i.prvIsQueueEmpty)
    i.prvIsQueueFull                         0x080037d6   Section        0  queue.o(i.prvIsQueueFull)
    prvIsQueueFull                           0x080037d7   Thumb Code    30  queue.o(i.prvIsQueueFull)
    i.prvProcessExpiredTimer                 0x080037f4   Section        0  timers.o(i.prvProcessExpiredTimer)
    prvProcessExpiredTimer                   0x080037f5   Thumb Code    70  timers.o(i.prvProcessExpiredTimer)
    i.prvProcessReceivedCommands             0x08003840   Section        0  timers.o(i.prvProcessReceivedCommands)
    prvProcessReceivedCommands               0x08003841   Thumb Code   208  timers.o(i.prvProcessReceivedCommands)
    i.prvProcessTimerOrBlockTask             0x08003914   Section        0  timers.o(i.prvProcessTimerOrBlockTask)
    prvProcessTimerOrBlockTask               0x08003915   Thumb Code   102  timers.o(i.prvProcessTimerOrBlockTask)
    i.prvResetNextTaskUnblockTime            0x08003988   Section        0  tasks.o(i.prvResetNextTaskUnblockTime)
    prvResetNextTaskUnblockTime              0x08003989   Thumb Code    42  tasks.o(i.prvResetNextTaskUnblockTime)
    i.prvSampleTimeNow                       0x080039bc   Section        0  timers.o(i.prvSampleTimeNow)
    prvSampleTimeNow                         0x080039bd   Thumb Code    40  timers.o(i.prvSampleTimeNow)
    i.prvSwitchTimerLists                    0x080039e8   Section        0  timers.o(i.prvSwitchTimerLists)
    prvSwitchTimerLists                      0x080039e9   Thumb Code   122  timers.o(i.prvSwitchTimerLists)
    i.prvTaskExitError                       0x08003a6c   Section        0  port.o(i.prvTaskExitError)
    prvTaskExitError                         0x08003a6d   Thumb Code    22  port.o(i.prvTaskExitError)
    i.prvTestWaitCondition                   0x08003a82   Section        0  event_groups.o(i.prvTestWaitCondition)
    prvTestWaitCondition                     0x08003a83   Thumb Code    30  event_groups.o(i.prvTestWaitCondition)
    i.prvTimerTask                           0x08003aa0   Section        0  timers.o(i.prvTimerTask)
    prvTimerTask                             0x08003aa1   Thumb Code    26  timers.o(i.prvTimerTask)
    i.prvUnlockQueue                         0x08003aba   Section        0  queue.o(i.prvUnlockQueue)
    prvUnlockQueue                           0x08003abb   Thumb Code   126  queue.o(i.prvUnlockQueue)
    i.pvPortMalloc                           0x08003b38   Section        0  heap_4.o(i.pvPortMalloc)
    i.pxPortInitialiseStack                  0x08003c08   Section        0  port.o(i.pxPortInitialiseStack)
    i.uxListRemove                           0x08003c2c   Section        0  list.o(i.uxListRemove)
    i.uxTaskResetEventItemValue              0x08003c54   Section        0  tasks.o(i.uxTaskResetEventItemValue)
    i.vApplicationGetIdleTaskMemory          0x08003c70   Section        0  main.o(i.vApplicationGetIdleTaskMemory)
    i.vApplicationGetTimerTaskMemory         0x08003c88   Section        0  main.o(i.vApplicationGetTimerTaskMemory)
    i.vListInitialise                        0x08003ca0   Section        0  list.o(i.vListInitialise)
    i.vListInitialiseItem                    0x08003cba   Section        0  list.o(i.vListInitialiseItem)
    i.vListInsert                            0x08003cc0   Section        0  list.o(i.vListInsert)
    i.vListInsertEnd                         0x08003cf4   Section        0  list.o(i.vListInsertEnd)
    i.vPortEnterCritical                     0x08003d0c   Section        0  port.o(i.vPortEnterCritical)
    i.vPortExitCritical                      0x08003d30   Section        0  port.o(i.vPortExitCritical)
    i.vPortFree                              0x08003d50   Section        0  heap_4.o(i.vPortFree)
    i.vPortSetupTimerInterrupt               0x08003d98   Section        0  port.o(i.vPortSetupTimerInterrupt)
    i.vQueueAddToRegistry                    0x08003dac   Section        0  queue.o(i.vQueueAddToRegistry)
    i.vQueueWaitForMessageRestricted         0x08003dd8   Section        0  queue.o(i.vQueueWaitForMessageRestricted)
    i.vTaskDelay                             0x08003e24   Section        0  tasks.o(i.vTaskDelay)
    i.vTaskDelete                            0x08003e58   Section        0  tasks.o(i.vTaskDelete)
    i.vTaskMissedYield                       0x08003f24   Section        0  tasks.o(i.vTaskMissedYield)
    i.vTaskPlaceOnEventList                  0x08003f30   Section        0  tasks.o(i.vTaskPlaceOnEventList)
    i.vTaskPlaceOnEventListRestricted        0x08003f50   Section        0  tasks.o(i.vTaskPlaceOnEventListRestricted)
    i.vTaskPlaceOnUnorderedEventList         0x08003f78   Section        0  tasks.o(i.vTaskPlaceOnUnorderedEventList)
    i.vTaskSetTimeOutState                   0x08003fa4   Section        0  tasks.o(i.vTaskSetTimeOutState)
    i.vTaskStartScheduler                    0x08003fbc   Section        0  tasks.o(i.vTaskStartScheduler)
    i.vTaskSuspendAll                        0x08004050   Section        0  tasks.o(i.vTaskSuspendAll)
    i.vTaskSwitchContext                     0x08004060   Section        0  tasks.o(i.vTaskSwitchContext)
    i.xEventGroupClearBits                   0x080040c0   Section        0  event_groups.o(i.xEventGroupClearBits)
    i.xEventGroupCreate                      0x080040e0   Section        0  event_groups.o(i.xEventGroupCreate)
    i.xEventGroupSetBits                     0x080040fe   Section        0  event_groups.o(i.xEventGroupSetBits)
    i.xEventGroupWaitBits                    0x08004190   Section        0  event_groups.o(i.xEventGroupWaitBits)
    i.xPortStartScheduler                    0x08004258   Section        0  port.o(i.xPortStartScheduler)
    i.xPortSysTickHandler                    0x0800428c   Section        0  port.o(i.xPortSysTickHandler)
    i.xQueueGenericCreateStatic              0x080042c0   Section        0  queue.o(i.xQueueGenericCreateStatic)
    i.xQueueGenericReceive                   0x080042f0   Section        0  queue.o(i.xQueueGenericReceive)
    i.xQueueGenericReset                     0x0800442c   Section        0  queue.o(i.xQueueGenericReset)
    i.xQueueGenericSend                      0x080044ac   Section        0  queue.o(i.xQueueGenericSend)
    i.xQueueGenericSendFromISR               0x080045c4   Section        0  queue.o(i.xQueueGenericSendFromISR)
    i.xTaskCheckForTimeOut                   0x0800464c   Section        0  tasks.o(i.xTaskCheckForTimeOut)
    i.xTaskCreate                            0x080046a8   Section        0  tasks.o(i.xTaskCreate)
    i.xTaskCreateStatic                      0x0800470c   Section        0  tasks.o(i.xTaskCreateStatic)
    i.xTaskGetSchedulerState                 0x0800475c   Section        0  tasks.o(i.xTaskGetSchedulerState)
    i.xTaskGetTickCount                      0x0800477c   Section        0  tasks.o(i.xTaskGetTickCount)
    i.xTaskIncrementTick                     0x08004788   Section        0  tasks.o(i.xTaskIncrementTick)
    i.xTaskRemoveFromEventList               0x080048a4   Section        0  tasks.o(i.xTaskRemoveFromEventList)
    i.xTaskRemoveFromUnorderedEventList      0x08004924   Section        0  tasks.o(i.xTaskRemoveFromUnorderedEventList)
    i.xTaskResumeAll                         0x08004994   Section        0  tasks.o(i.xTaskResumeAll)
    i.xTimerCreateTimerTask                  0x08004a7c   Section        0  timers.o(i.xTimerCreateTimerTask)
    i.xTimerGenericCommand                   0x08004adc   Section        0  timers.o(i.xTimerGenericCommand)
    .data                                    0x20000000   Section       20  stm32f10x_rcc.o(.data)
    APBAHBPrescTable                         0x20000000   Data          16  stm32f10x_rcc.o(.data)
    ADCPrescTable                            0x20000010   Data           4  stm32f10x_rcc.o(.data)
    .data                                    0x20000014   Section        1  bsp_key.o(.data)
    key_up                                   0x20000014   Data           1  bsp_key.o(.data)
    .data                                    0x20000018   Section        4  bsp_adc.o(.data)
    .data                                    0x2000001c   Section       29  main.o(.data)
    AppTaskCreate_Handle                     0x20000020   Data           4  main.o(.data)
    KEY_Task_Handle                          0x20000024   Data           4  main.o(.data)
    Brake_Disc_Temperature_Task_Handle       0x20000028   Data           4  main.o(.data)
    Three_Axis_Acceleration_Task_Handle      0x2000002c   Data           4  main.o(.data)
    Suspension_Displacement_Task_Handle      0x20000030   Data           4  main.o(.data)
    Brake_Oil_Pressure_Task_Handle           0x20000034   Data           4  main.o(.data)
    .data                                    0x2000003a   Section        4  bsp_delay.o(.data)
    fac_us                                   0x2000003a   Data           1  bsp_delay.o(.data)
    fac_ms                                   0x2000003c   Data           2  bsp_delay.o(.data)
    .data                                    0x20000040   Section        4  port.o(.data)
    uxCriticalNesting                        0x20000040   Data           4  port.o(.data)
    .data                                    0x20000044   Section       24  heap_4.o(.data)
    xStart                                   0x20000044   Data           8  heap_4.o(.data)
    pxEnd                                    0x2000004c   Data           4  heap_4.o(.data)
    xFreeBytesRemaining                      0x20000050   Data           4  heap_4.o(.data)
    xMinimumEverFreeBytesRemaining           0x20000054   Data           4  heap_4.o(.data)
    xBlockAllocatedBit                       0x20000058   Data           4  heap_4.o(.data)
    .data                                    0x2000005c   Section       60  tasks.o(.data)
    pxDelayedTaskList                        0x20000060   Data           4  tasks.o(.data)
    pxOverflowDelayedTaskList                0x20000064   Data           4  tasks.o(.data)
    uxDeletedTasksWaitingCleanUp             0x20000068   Data           4  tasks.o(.data)
    uxCurrentNumberOfTasks                   0x2000006c   Data           4  tasks.o(.data)
    xTickCount                               0x20000070   Data           4  tasks.o(.data)
    uxTopReadyPriority                       0x20000074   Data           4  tasks.o(.data)
    xSchedulerRunning                        0x20000078   Data           4  tasks.o(.data)
    uxPendedTicks                            0x2000007c   Data           4  tasks.o(.data)
    xYieldPending                            0x20000080   Data           4  tasks.o(.data)
    xNumOfOverflows                          0x20000084   Data           4  tasks.o(.data)
    uxTaskNumber                             0x20000088   Data           4  tasks.o(.data)
    xNextTaskUnblockTime                     0x2000008c   Data           4  tasks.o(.data)
    xIdleTaskHandle                          0x20000090   Data           4  tasks.o(.data)
    uxSchedulerSuspended                     0x20000094   Data           4  tasks.o(.data)
    .data                                    0x20000098   Section       20  timers.o(.data)
    pxCurrentTimerList                       0x20000098   Data           4  timers.o(.data)
    pxOverflowTimerList                      0x2000009c   Data           4  timers.o(.data)
    xTimerQueue                              0x200000a0   Data           4  timers.o(.data)
    xTimerTaskHandle                         0x200000a4   Data           4  timers.o(.data)
    xLastTime                                0x200000a8   Data           4  timers.o(.data)
    .data                                    0x200000ac   Section        4  stdout.o(.data)
    .bss                                     0x200000b0   Section     1936  main.o(.bss)
    Idle_Task_Stack                          0x200000b0   Data         256  main.o(.bss)
    Timer_Task_Stack                         0x200001b0   Data         512  main.o(.bss)
    AppTaskCreate_Stack                      0x200003b0   Data         512  main.o(.bss)
    KEY_Task_Stack                           0x200005b0   Data         256  main.o(.bss)
    Idle_Task_TCB                            0x200006b0   Data         100  main.o(.bss)
    Timer_Task_TCB                           0x20000714   Data         100  main.o(.bss)
    AppTaskCreate_TCB                        0x20000778   Data         100  main.o(.bss)
    KEY_Task_TCB                             0x200007dc   Data         100  main.o(.bss)
    .bss                                     0x20000840   Section    20480  heap_4.o(.bss)
    ucHeap                                   0x20000840   Data       20480  heap_4.o(.bss)
    .bss                                     0x20005840   Section       80  queue.o(.bss)
    .bss                                     0x20005890   Section      740  tasks.o(.bss)
    pxReadyTasksLists                        0x20005890   Data         640  tasks.o(.bss)
    xDelayedTaskList1                        0x20005b10   Data          20  tasks.o(.bss)
    xDelayedTaskList2                        0x20005b24   Data          20  tasks.o(.bss)
    xPendingReadyList                        0x20005b38   Data          20  tasks.o(.bss)
    xTasksWaitingTermination                 0x20005b4c   Data          20  tasks.o(.bss)
    xSuspendedTaskList                       0x20005b60   Data          20  tasks.o(.bss)
    .bss                                     0x20005b74   Section      280  timers.o(.bss)
    xActiveTimerList1                        0x20005b74   Data          20  timers.o(.bss)
    xActiveTimerList2                        0x20005b88   Data          20  timers.o(.bss)
    xStaticTimerQueue                        0x20005b9c   Data          80  timers.o(.bss)
    ucStaticTimerQueueStorage                0x20005bec   Data         160  timers.o(.bss)
    STACK                                    0x20005c90   Section     2048  startup_stm32f10x_hd.o(STACK)

    Global Symbols

    Symbol Name                              Value     Ov Type        Size  Object(Section)

    BuildAttributes$$THM_ISAv4$P$D$K$B$S$PE$A:L22UL41UL21$X:L11$S22US41US21$IEEE1$IW$USESV6$~STKCKD$USESV7$~SHL$OTIME$ROPI$EBA8$MICROLIB$REQ8$PRES8$EABIv2 0x00000000   Number         0  anon$$obj.o ABSOLUTE
    __ARM_use_no_argv                        0x00000000   Number         0  main.o ABSOLUTE
    _printf_a                                0x00000000   Number         0  stubs.o ABSOLUTE
    _printf_c                                0x00000000   Number         0  stubs.o ABSOLUTE
    _printf_charcount                        0x00000000   Number         0  stubs.o ABSOLUTE
    _printf_d                                0x00000000   Number         0  stubs.o ABSOLUTE
    _printf_e                                0x00000000   Number         0  stubs.o ABSOLUTE
    _printf_f                                0x00000000   Number         0  stubs.o ABSOLUTE
    _printf_flags                            0x00000000   Number         0  stubs.o ABSOLUTE
    _printf_fp_dec                           0x00000000   Number         0  stubs.o ABSOLUTE
    _printf_fp_hex                           0x00000000   Number         0  stubs.o ABSOLUTE
    _printf_g                                0x00000000   Number         0  stubs.o ABSOLUTE
    _printf_i                                0x00000000   Number         0  stubs.o ABSOLUTE
    _printf_int_dec                          0x00000000   Number         0  stubs.o ABSOLUTE
    _printf_l                                0x00000000   Number         0  stubs.o ABSOLUTE
    _printf_lc                               0x00000000   Number         0  stubs.o ABSOLUTE
    _printf_ll                               0x00000000   Number         0  stubs.o ABSOLUTE
    _printf_lld                              0x00000000   Number         0  stubs.o ABSOLUTE
    _printf_lli                              0x00000000   Number         0  stubs.o ABSOLUTE
    _printf_llo                              0x00000000   Number         0  stubs.o ABSOLUTE
    _printf_llu                              0x00000000   Number         0  stubs.o ABSOLUTE
    _printf_llx                              0x00000000   Number         0  stubs.o ABSOLUTE
    _printf_longlong_dec                     0x00000000   Number         0  stubs.o ABSOLUTE
    _printf_longlong_hex                     0x00000000   Number         0  stubs.o ABSOLUTE
    _printf_longlong_oct                     0x00000000   Number         0  stubs.o ABSOLUTE
    _printf_ls                               0x00000000   Number         0  stubs.o ABSOLUTE
    _printf_mbtowc                           0x00000000   Number         0  stubs.o ABSOLUTE
    _printf_n                                0x00000000   Number         0  stubs.o ABSOLUTE
    _printf_o                                0x00000000   Number         0  stubs.o ABSOLUTE
    _printf_p                                0x00000000   Number         0  stubs.o ABSOLUTE
    _printf_percent                          0x00000000   Number         0  stubs.o ABSOLUTE
    _printf_pre_padding                      0x00000000   Number         0  stubs.o ABSOLUTE
    _printf_return_value                     0x00000000   Number         0  stubs.o ABSOLUTE
    _printf_s                                0x00000000   Number         0  stubs.o ABSOLUTE
    _printf_sizespec                         0x00000000   Number         0  stubs.o ABSOLUTE
    _printf_str                              0x00000000   Number         0  stubs.o ABSOLUTE
    _printf_truncate_signed                  0x00000000   Number         0  stubs.o ABSOLUTE
    _printf_truncate_unsigned                0x00000000   Number         0  stubs.o ABSOLUTE
    _printf_u                                0x00000000   Number         0  stubs.o ABSOLUTE
    _printf_wc                               0x00000000   Number         0  stubs.o ABSOLUTE
    _printf_wctomb                           0x00000000   Number         0  stubs.o ABSOLUTE
    _printf_widthprec                        0x00000000   Number         0  stubs.o ABSOLUTE
    _printf_x                                0x00000000   Number         0  stubs.o ABSOLUTE
    __arm_fini_                               - Undefined Weak Reference
    __cpp_initialize__aeabi_                  - Undefined Weak Reference
    __cxa_finalize                            - Undefined Weak Reference
    __decompress                              - Undefined Weak Reference
    _clock_init                               - Undefined Weak Reference
    _microlib_exit                            - Undefined Weak Reference
    __Vectors_Size                           0x00000130   Number         0  startup_stm32f10x_hd.o ABSOLUTE
    __Vectors                                0x08000000   Data           4  startup_stm32f10x_hd.o(RESET)
    __Vectors_End                            0x08000130   Data           0  startup_stm32f10x_hd.o(RESET)
    __main                                   0x08000131   Thumb Code     0  entry.o(.ARM.Collect$$$$00000000)
    _main_stk                                0x08000131   Thumb Code     0  entry2.o(.ARM.Collect$$$$00000001)
    _main_scatterload                        0x08000135   Thumb Code     0  entry5.o(.ARM.Collect$$$$00000004)
    __main_after_scatterload                 0x08000139   Thumb Code     0  entry5.o(.ARM.Collect$$$$00000004)
    _main_clock                              0x08000139   Thumb Code     0  entry7b.o(.ARM.Collect$$$$00000008)
    _main_cpp_init                           0x08000139   Thumb Code     0  entry8b.o(.ARM.Collect$$$$0000000A)
    _main_init                               0x08000139   Thumb Code     0  entry9a.o(.ARM.Collect$$$$0000000B)
    __rt_lib_shutdown_fini                   0x08000141   Thumb Code     0  entry12b.o(.ARM.Collect$$$$0000000E)
    __rt_final_cpp                           0x08000145   Thumb Code     0  entry10a.o(.ARM.Collect$$$$0000000F)
    __rt_final_exit                          0x08000145   Thumb Code     0  entry11a.o(.ARM.Collect$$$$00000011)
    SVC_Handler                              0x08000149   Thumb Code    32  port.o(.emb_text)
    __asm___6_port_c_39a90d8d__prvStartFirstTask 0x0800016d   Thumb Code    28  port.o(.emb_text)
    PendSV_Handler                           0x0800018d   Thumb Code    72  port.o(.emb_text)
    vPortGetIPSR                             0x080001d9   Thumb Code     6  port.o(.emb_text)
    Reset_Handler                            0x080001e1   Thumb Code     8  startup_stm32f10x_hd.o(.text)
    ADC3_IRQHandler                          0x080001fb   Thumb Code     0  startup_stm32f10x_hd.o(.text)
    CAN1_RX1_IRQHandler                      0x080001fb   Thumb Code     0  startup_stm32f10x_hd.o(.text)
    CAN1_SCE_IRQHandler                      0x080001fb   Thumb Code     0  startup_stm32f10x_hd.o(.text)
    DMA1_Channel1_IRQHandler                 0x080001fb   Thumb Code     0  startup_stm32f10x_hd.o(.text)
    DMA1_Channel2_IRQHandler                 0x080001fb   Thumb Code     0  startup_stm32f10x_hd.o(.text)
    DMA1_Channel3_IRQHandler                 0x080001fb   Thumb Code     0  startup_stm32f10x_hd.o(.text)
    DMA1_Channel4_IRQHandler                 0x080001fb   Thumb Code     0  startup_stm32f10x_hd.o(.text)
    DMA1_Channel5_IRQHandler                 0x080001fb   Thumb Code     0  startup_stm32f10x_hd.o(.text)
    DMA1_Channel6_IRQHandler                 0x080001fb   Thumb Code     0  startup_stm32f10x_hd.o(.text)
    DMA1_Channel7_IRQHandler                 0x080001fb   Thumb Code     0  startup_stm32f10x_hd.o(.text)
    DMA2_Channel1_IRQHandler                 0x080001fb   Thumb Code     0  startup_stm32f10x_hd.o(.text)
    DMA2_Channel2_IRQHandler                 0x080001fb   Thumb Code     0  startup_stm32f10x_hd.o(.text)
    DMA2_Channel3_IRQHandler                 0x080001fb   Thumb Code     0  startup_stm32f10x_hd.o(.text)
    DMA2_Channel4_5_IRQHandler               0x080001fb   Thumb Code     0  startup_stm32f10x_hd.o(.text)
    EXTI0_IRQHandler                         0x080001fb   Thumb Code     0  startup_stm32f10x_hd.o(.text)
    EXTI15_10_IRQHandler                     0x080001fb   Thumb Code     0  startup_stm32f10x_hd.o(.text)
    EXTI1_IRQHandler                         0x080001fb   Thumb Code     0  startup_stm32f10x_hd.o(.text)
    EXTI2_IRQHandler                         0x080001fb   Thumb Code     0  startup_stm32f10x_hd.o(.text)
    EXTI3_IRQHandler                         0x080001fb   Thumb Code     0  startup_stm32f10x_hd.o(.text)
    EXTI4_IRQHandler                         0x080001fb   Thumb Code     0  startup_stm32f10x_hd.o(.text)
    EXTI9_5_IRQHandler                       0x080001fb   Thumb Code     0  startup_stm32f10x_hd.o(.text)
    FLASH_IRQHandler                         0x080001fb   Thumb Code     0  startup_stm32f10x_hd.o(.text)
    FSMC_IRQHandler                          0x080001fb   Thumb Code     0  startup_stm32f10x_hd.o(.text)
    I2C1_ER_IRQHandler                       0x080001fb   Thumb Code     0  startup_stm32f10x_hd.o(.text)
    I2C1_EV_IRQHandler                       0x080001fb   Thumb Code     0  startup_stm32f10x_hd.o(.text)
    I2C2_ER_IRQHandler                       0x080001fb   Thumb Code     0  startup_stm32f10x_hd.o(.text)
    I2C2_EV_IRQHandler                       0x080001fb   Thumb Code     0  startup_stm32f10x_hd.o(.text)
    PVD_IRQHandler                           0x080001fb   Thumb Code     0  startup_stm32f10x_hd.o(.text)
    RCC_IRQHandler                           0x080001fb   Thumb Code     0  startup_stm32f10x_hd.o(.text)
    RTCAlarm_IRQHandler                      0x080001fb   Thumb Code     0  startup_stm32f10x_hd.o(.text)
    RTC_IRQHandler                           0x080001fb   Thumb Code     0  startup_stm32f10x_hd.o(.text)
    SDIO_IRQHandler                          0x080001fb   Thumb Code     0  startup_stm32f10x_hd.o(.text)
    SPI1_IRQHandler                          0x080001fb   Thumb Code     0  startup_stm32f10x_hd.o(.text)
    SPI2_IRQHandler                          0x080001fb   Thumb Code     0  startup_stm32f10x_hd.o(.text)
    SPI3_IRQHandler                          0x080001fb   Thumb Code     0  startup_stm32f10x_hd.o(.text)
    TAMPER_IRQHandler                        0x080001fb   Thumb Code     0  startup_stm32f10x_hd.o(.text)
    TIM1_BRK_IRQHandler                      0x080001fb   Thumb Code     0  startup_stm32f10x_hd.o(.text)
    TIM1_CC_IRQHandler                       0x080001fb   Thumb Code     0  startup_stm32f10x_hd.o(.text)
    TIM1_TRG_COM_IRQHandler                  0x080001fb   Thumb Code     0  startup_stm32f10x_hd.o(.text)
    TIM1_UP_IRQHandler                       0x080001fb   Thumb Code     0  startup_stm32f10x_hd.o(.text)
    TIM2_IRQHandler                          0x080001fb   Thumb Code     0  startup_stm32f10x_hd.o(.text)
    TIM3_IRQHandler                          0x080001fb   Thumb Code     0  startup_stm32f10x_hd.o(.text)
    TIM4_IRQHandler                          0x080001fb   Thumb Code     0  startup_stm32f10x_hd.o(.text)
    TIM5_IRQHandler                          0x080001fb   Thumb Code     0  startup_stm32f10x_hd.o(.text)
    TIM6_IRQHandler                          0x080001fb   Thumb Code     0  startup_stm32f10x_hd.o(.text)
    TIM7_IRQHandler                          0x080001fb   Thumb Code     0  startup_stm32f10x_hd.o(.text)
    TIM8_BRK_IRQHandler                      0x080001fb   Thumb Code     0  startup_stm32f10x_hd.o(.text)
    TIM8_CC_IRQHandler                       0x080001fb   Thumb Code     0  startup_stm32f10x_hd.o(.text)
    TIM8_TRG_COM_IRQHandler                  0x080001fb   Thumb Code     0  startup_stm32f10x_hd.o(.text)
    TIM8_UP_IRQHandler                       0x080001fb   Thumb Code     0  startup_stm32f10x_hd.o(.text)
    UART4_IRQHandler                         0x080001fb   Thumb Code     0  startup_stm32f10x_hd.o(.text)
    UART5_IRQHandler                         0x080001fb   Thumb Code     0  startup_stm32f10x_hd.o(.text)
    USART1_IRQHandler                        0x080001fb   Thumb Code     0  startup_stm32f10x_hd.o(.text)
    USART2_IRQHandler                        0x080001fb   Thumb Code     0  startup_stm32f10x_hd.o(.text)
    USART3_IRQHandler                        0x080001fb   Thumb Code     0  startup_stm32f10x_hd.o(.text)
    USBWakeUp_IRQHandler                     0x080001fb   Thumb Code     0  startup_stm32f10x_hd.o(.text)
    USB_HP_CAN1_TX_IRQHandler                0x080001fb   Thumb Code     0  startup_stm32f10x_hd.o(.text)
    USB_LP_CAN1_RX0_IRQHandler               0x080001fb   Thumb Code     0  startup_stm32f10x_hd.o(.text)
    WWDG_IRQHandler                          0x080001fb   Thumb Code     0  startup_stm32f10x_hd.o(.text)
    __aeabi_memcpy                           0x08000205   Thumb Code    36  memcpya.o(.text)
    __aeabi_memcpy4                          0x08000205   Thumb Code     0  memcpya.o(.text)
    __aeabi_memcpy8                          0x08000205   Thumb Code     0  memcpya.o(.text)
    __aeabi_memset                           0x08000229   Thumb Code    14  memseta.o(.text)
    __aeabi_memset4                          0x08000229   Thumb Code     0  memseta.o(.text)
    __aeabi_memset8                          0x08000229   Thumb Code     0  memseta.o(.text)
    __aeabi_memclr                           0x08000237   Thumb Code     4  memseta.o(.text)
    __aeabi_memclr4                          0x08000237   Thumb Code     0  memseta.o(.text)
    __aeabi_memclr8                          0x08000237   Thumb Code     0  memseta.o(.text)
    _memset$wrapper                          0x0800023b   Thumb Code    18  memseta.o(.text)
    __aeabi_fadd                             0x0800024d   Thumb Code   164  fadd.o(.text)
    __aeabi_fsub                             0x080002f1   Thumb Code     6  fadd.o(.text)
    __aeabi_frsub                            0x080002f7   Thumb Code     6  fadd.o(.text)
    __aeabi_fmul                             0x080002fd   Thumb Code   100  fmul.o(.text)
    __aeabi_fdiv                             0x08000361   Thumb Code   124  fdiv.o(.text)
    __aeabi_dadd                             0x080003dd   Thumb Code   322  dadd.o(.text)
    __aeabi_dsub                             0x0800051f   Thumb Code     6  dadd.o(.text)
    __aeabi_drsub                            0x08000525   Thumb Code     6  dadd.o(.text)
    __aeabi_dmul                             0x0800052b   Thumb Code   228  dmul.o(.text)
    __aeabi_ddiv                             0x0800060f   Thumb Code   222  ddiv.o(.text)
    __aeabi_ui2f                             0x080006ed   Thumb Code    10  ffltui.o(.text)
    __aeabi_i2d                              0x080006f7   Thumb Code    34  dflti.o(.text)
    __aeabi_ui2d                             0x08000719   Thumb Code    26  dfltui.o(.text)
    __aeabi_f2uiz                            0x08000733   Thumb Code    40  ffixui.o(.text)
    __aeabi_f2d                              0x0800075b   Thumb Code    38  f2d.o(.text)
    __aeabi_d2f                              0x08000781   Thumb Code    56  d2f.o(.text)
    __aeabi_cfcmpeq                          0x080007b9   Thumb Code     0  cfcmple.o(.text)
    __aeabi_cfcmple                          0x080007b9   Thumb Code    20  cfcmple.o(.text)
    __aeabi_cfrcmple                         0x080007cd   Thumb Code    20  cfrcmple.o(.text)
    __aeabi_uidiv                            0x080007e1   Thumb Code     0  uidiv.o(.text)
    __aeabi_uidivmod                         0x080007e1   Thumb Code    44  uidiv.o(.text)
    __aeabi_uldivmod                         0x0800080d   Thumb Code    98  uldiv.o(.text)
    __aeabi_llsl                             0x0800086f   Thumb Code    30  llshl.o(.text)
    _ll_shift_l                              0x0800086f   Thumb Code     0  llshl.o(.text)
    __aeabi_lasr                             0x0800088d   Thumb Code    36  llsshr.o(.text)
    _ll_sshift_r                             0x0800088d   Thumb Code     0  llsshr.o(.text)
    __I$use$fp                               0x080008b1   Thumb Code     0  iusefp.o(.text)
    _float_round                             0x080008b1   Thumb Code    18  fepilogue.o(.text)
    _float_epilogue                          0x080008c3   Thumb Code    92  fepilogue.o(.text)
    _double_round                            0x0800091f   Thumb Code    30  depilogue.o(.text)
    _double_epilogue                         0x0800093d   Thumb Code   156  depilogue.o(.text)
    __aeabi_d2ulz                            0x080009d9   Thumb Code    48  dfixul.o(.text)
    __aeabi_cdrcmple                         0x08000a09   Thumb Code    48  cdrcmple.o(.text)
    __scatterload                            0x08000a39   Thumb Code    28  init.o(.text)
    __scatterload_rt2                        0x08000a39   Thumb Code     0  init.o(.text)
    __aeabi_llsr                             0x08000a5d   Thumb Code    32  llushr.o(.text)
    _ll_ushift_r                             0x08000a5d   Thumb Code     0  llushr.o(.text)
    ADC1_2_IRQHandler                        0x08000a7d   Thumb Code    82  bsp_adc.o(i.ADC1_2_IRQHandler)
    ADC_ClearITPendingBit                    0x08000add   Thumb Code    10  stm32f10x_adc.o(i.ADC_ClearITPendingBit)
    ADC_Cmd                                  0x08000ae7   Thumb Code    22  stm32f10x_adc.o(i.ADC_Cmd)
    ADC_Configuration                        0x08000afd   Thumb Code   136  bsp_adc.o(i.ADC_Configuration)
    ADC_DeInit                               0x08000b89   Thumb Code    78  stm32f10x_adc.o(i.ADC_DeInit)
    ADC_GetCalibrationStatus                 0x08000be5   Thumb Code    20  stm32f10x_adc.o(i.ADC_GetCalibrationStatus)
    ADC_GetConversionValue                   0x08000bf9   Thumb Code     8  stm32f10x_adc.o(i.ADC_GetConversionValue)
    ADC_GetITStatus                          0x08000c01   Thumb Code    36  stm32f10x_adc.o(i.ADC_GetITStatus)
    ADC_GetResetCalibrationStatus            0x08000c25   Thumb Code    20  stm32f10x_adc.o(i.ADC_GetResetCalibrationStatus)
    ADC_ITConfig                             0x08000c39   Thumb Code    24  stm32f10x_adc.o(i.ADC_ITConfig)
    ADC_Independent_Single_GetValue          0x08000c51   Thumb Code   138  bsp_adc.o(i.ADC_Independent_Single_GetValue)
    ADC_Init                                 0x08000ced   Thumb Code    70  stm32f10x_adc.o(i.ADC_Init)
    ADC_RegularChannelConfig                 0x08000d63   Thumb Code   184  stm32f10x_adc.o(i.ADC_RegularChannelConfig)
    ADC_ResetCalibration                     0x08000e1b   Thumb Code    10  stm32f10x_adc.o(i.ADC_ResetCalibration)
    ADC_SoftwareStartConvCmd                 0x08000e25   Thumb Code    22  stm32f10x_adc.o(i.ADC_SoftwareStartConvCmd)
    ADC_StartCalibration                     0x08000e3b   Thumb Code    10  stm32f10x_adc.o(i.ADC_StartCalibration)
    ADCx_Init                                0x08000e8d   Thumb Code    12  bsp_adc.o(i.ADCx_Init)
    BusFault_Handler                         0x08001449   Thumb Code     4  stm32f10x_it.o(i.BusFault_Handler)
    DEBUG_USART_Confog                       0x0800144d   Thumb Code    64  bsp_usart.o(i.DEBUG_USART_Confog)
    DebugMon_Handler                         0x08001491   Thumb Code     2  stm32f10x_it.o(i.DebugMon_Handler)
    Delay_Init                               0x08001495   Thumb Code    58  bsp_delay.o(i.Delay_Init)
    GPIO_Init                                0x080014d9   Thumb Code   278  stm32f10x_gpio.o(i.GPIO_Init)
    GPIO_ReadInputDataBit                    0x080015ef   Thumb Code    18  stm32f10x_gpio.o(i.GPIO_ReadInputDataBit)
    GPIO_ResetBits                           0x08001601   Thumb Code     4  stm32f10x_gpio.o(i.GPIO_ResetBits)
    GPIO_SetBits                             0x08001605   Thumb Code     4  stm32f10x_gpio.o(i.GPIO_SetBits)
    HardFault_Handler                        0x08001609   Thumb Code    10  stm32f10x_it.o(i.HardFault_Handler)
    KEY_Config                               0x08001629   Thumb Code    96  bsp_key.o(i.KEY_Config)
    Key_Scan                                 0x080017bd   Thumb Code   246  bsp_key.o(i.Key_Scan)
    LED_Config                               0x080018d5   Thumb Code    40  bsp_led.o(i.LED_Config)
    MPU6050ReadAcc                           0x08001901   Thumb Code    64  mpu6050.o(i.MPU6050ReadAcc)
    MPU6050_GPIO_Config                      0x08001941   Thumb Code    46  mpu6050.o(i.MPU6050_GPIO_Config)
    MPU6050_Init                             0x08001975   Thumb Code    76  mpu6050.o(i.MPU6050_Init)
    MPU6050_ReadData                         0x080019c1   Thumb Code    88  mpu6050.o(i.MPU6050_ReadData)
    MPU6050_ReturnTemp                       0x08001a19   Thumb Code    72  mpu6050.o(i.MPU6050_ReturnTemp)
    MPU6050_WriteReg                         0x08001a6d   Thumb Code    46  mpu6050.o(i.MPU6050_WriteReg)
    MemManage_Handler                        0x08001a9b   Thumb Code     4  stm32f10x_it.o(i.MemManage_Handler)
    NMI_Handler                              0x08001a9f   Thumb Code     2  stm32f10x_it.o(i.NMI_Handler)
    NVIC_Init                                0x08001aa1   Thumb Code   100  misc.o(i.NVIC_Init)
    NVIC_PriorityGroupConfig                 0x08001b11   Thumb Code    10  misc.o(i.NVIC_PriorityGroupConfig)
    PCM300D_deal                             0x08001b25   Thumb Code    72  bsp_pcm300d.o(i.PCM300D_deal)
    PEC_Calculation                          0x08001b7d   Thumb Code   186  bsp_smbus_temperature.o(i.PEC_Calculation)
    RCC_ADCCLKConfig                         0x08001c39   Thumb Code    18  stm32f10x_rcc.o(i.RCC_ADCCLKConfig)
    RCC_AHBPeriphClockCmd                    0x08001c51   Thumb Code    26  stm32f10x_rcc.o(i.RCC_AHBPeriphClockCmd)
    RCC_APB2PeriphClockCmd                   0x08001c71   Thumb Code    26  stm32f10x_rcc.o(i.RCC_APB2PeriphClockCmd)
    RCC_APB2PeriphResetCmd                   0x08001c91   Thumb Code    26  stm32f10x_rcc.o(i.RCC_APB2PeriphResetCmd)
    RCC_GetClocksFreq                        0x08001cb1   Thumb Code   192  stm32f10x_rcc.o(i.RCC_GetClocksFreq)
    SMBus_Delay                              0x08001d85   Thumb Code    12  bsp_smbus_temperature.o(i.SMBus_Delay)
    SMBus_GPIO_Init                          0x08001d91   Thumb Code    54  bsp_smbus_temperature.o(i.SMBus_GPIO_Init)
    SMBus_ReadMemory                         0x08001dcd   Thumb Code   172  bsp_smbus_temperature.o(i.SMBus_ReadMemory)
    SMBus_Read_Body_Temperature              0x08001e81   Thumb Code    60  bsp_smbus_temperature.o(i.SMBus_Read_Body_Temperature)
    SMBus_Read_Enviroment_Temperature        0x08001ec9   Thumb Code    60  bsp_smbus_temperature.o(i.SMBus_Read_Enviroment_Temperature)
    SMBus_ReceiveBit                         0x08001f11   Thumb Code    68  bsp_smbus_temperature.o(i.SMBus_ReceiveBit)
    SMBus_ReceiveByte                        0x08001f59   Thumb Code    50  bsp_smbus_temperature.o(i.SMBus_ReceiveByte)
    SMBus_SendBit                            0x08001f8d   Thumb Code    64  bsp_smbus_temperature.o(i.SMBus_SendBit)
    SMBus_SendByte                           0x08001fd1   Thumb Code    52  bsp_smbus_temperature.o(i.SMBus_SendByte)
    SMBus_StartBit                           0x08002005   Thumb Code    64  bsp_smbus_temperature.o(i.SMBus_StartBit)
    SMBus_StopBit                            0x08002049   Thumb Code    58  bsp_smbus_temperature.o(i.SMBus_StopBit)
    SysTick_CLKSourceConfig                  0x08002235   Thumb Code    40  misc.o(i.SysTick_CLKSourceConfig)
    SysTick_Handler                          0x0800225d   Thumb Code    16  stm32f10x_it.o(i.SysTick_Handler)
    SystemInit                               0x0800226d   Thumb Code    78  system_stm32f10x.o(i.SystemInit)
    USART_Cmd                                0x080023e9   Thumb Code    24  stm32f10x_usart.o(i.USART_Cmd)
    USART_Config                             0x08002401   Thumb Code    16  bsp_usart.o(i.USART_Config)
    USART_GetFlagStatus                      0x08002411   Thumb Code    26  stm32f10x_usart.o(i.USART_GetFlagStatus)
    USART_Gpio_Config                        0x0800242d   Thumb Code    68  bsp_usart.o(i.USART_Gpio_Config)
    USART_ITConfig                           0x08002475   Thumb Code    74  stm32f10x_usart.o(i.USART_ITConfig)
    USART_Init                               0x080024c1   Thumb Code   210  stm32f10x_usart.o(i.USART_Init)
    USART_NVIC_Config                        0x08002599   Thumb Code    32  bsp_usart.o(i.USART_NVIC_Config)
    USART_SendData                           0x080025b9   Thumb Code     8  stm32f10x_usart.o(i.USART_SendData)
    UsageFault_Handler                       0x080025c1   Thumb Code     4  stm32f10x_it.o(i.UsageFault_Handler)
    XJWY_deal                                0x080025c5   Thumb Code    88  bsp_xjwy.o(i.XJWY_deal)
    __0printf                                0x0800262d   Thumb Code    22  printfa.o(i.__0printf)
    __1printf                                0x0800262d   Thumb Code     0  printfa.o(i.__0printf)
    __2printf                                0x0800262d   Thumb Code     0  printfa.o(i.__0printf)
    __c89printf                              0x0800262d   Thumb Code     0  printfa.o(i.__0printf)
    printf                                   0x0800262d   Thumb Code     0  printfa.o(i.__0printf)
    __scatterload_copy                       0x0800264d   Thumb Code    14  handlers.o(i.__scatterload_copy)
    __scatterload_null                       0x0800265b   Thumb Code     2  handlers.o(i.__scatterload_null)
    __scatterload_zeroinit                   0x0800265d   Thumb Code    14  handlers.o(i.__scatterload_zeroinit)
    delay_ms                                 0x08002ef9   Thumb Code    62  bsp_delay.o(i.delay_ms)
    delay_us                                 0x08002f3d   Thumb Code    68  bsp_delay.o(i.delay_us)
    delay_xms                                0x08002f85   Thumb Code    24  bsp_delay.o(i.delay_xms)
    fputc                                    0x08002f9d   Thumb Code    32  bsp_usart.o(i.fputc)
    i2c_Ack                                  0x08002fc1   Thumb Code    48  bsp_i2c_mpu6050.o(i.i2c_Ack)
    i2c_GPIO_Config                          0x08003005   Thumb Code    40  bsp_i2c_mpu6050.o(i.i2c_GPIO_Config)
    i2c_NAck                                 0x08003031   Thumb Code    40  bsp_i2c_mpu6050.o(i.i2c_NAck)
    i2c_ReadByte                             0x0800305d   Thumb Code    76  bsp_i2c_mpu6050.o(i.i2c_ReadByte)
    i2c_SendByte                             0x080030ad   Thumb Code    86  bsp_i2c_mpu6050.o(i.i2c_SendByte)
    i2c_Start                                0x08003109   Thumb Code    48  bsp_i2c_mpu6050.o(i.i2c_Start)
    i2c_Stop                                 0x0800313d   Thumb Code    32  bsp_i2c_mpu6050.o(i.i2c_Stop)
    i2c_WaitAck                              0x08003161   Thumb Code    58  bsp_i2c_mpu6050.o(i.i2c_WaitAck)
    main                                     0x080031a1   Thumb Code    62  main.o(i.main)
    pvPortMalloc                             0x08003b39   Thumb Code   188  heap_4.o(i.pvPortMalloc)
    pxPortInitialiseStack                    0x08003c09   Thumb Code    30  port.o(i.pxPortInitialiseStack)
    uxListRemove                             0x08003c2d   Thumb Code    40  list.o(i.uxListRemove)
    uxTaskResetEventItemValue                0x08003c55   Thumb Code    24  tasks.o(i.uxTaskResetEventItemValue)
    vApplicationGetIdleTaskMemory            0x08003c71   Thumb Code    14  main.o(i.vApplicationGetIdleTaskMemory)
    vApplicationGetTimerTaskMemory           0x08003c89   Thumb Code    14  main.o(i.vApplicationGetTimerTaskMemory)
    vListInitialise                          0x08003ca1   Thumb Code    26  list.o(i.vListInitialise)
    vListInitialiseItem                      0x08003cbb   Thumb Code     6  list.o(i.vListInitialiseItem)
    vListInsert                              0x08003cc1   Thumb Code    52  list.o(i.vListInsert)
    vListInsertEnd                           0x08003cf5   Thumb Code    24  list.o(i.vListInsertEnd)
    vPortEnterCritical                       0x08003d0d   Thumb Code    30  port.o(i.vPortEnterCritical)
    vPortExitCritical                        0x08003d31   Thumb Code    28  port.o(i.vPortExitCritical)
    vPortFree                                0x08003d51   Thumb Code    64  heap_4.o(i.vPortFree)
    vPortSetupTimerInterrupt                 0x08003d99   Thumb Code    14  port.o(i.vPortSetupTimerInterrupt)
    vQueueAddToRegistry                      0x08003dad   Thumb Code    38  queue.o(i.vQueueAddToRegistry)
    vQueueWaitForMessageRestricted           0x08003dd9   Thumb Code    74  queue.o(i.vQueueWaitForMessageRestricted)
    vTaskDelay                               0x08003e25   Thumb Code    46  tasks.o(i.vTaskDelay)
    vTaskDelete                              0x08003e59   Thumb Code   166  tasks.o(i.vTaskDelete)
    vTaskMissedYield                         0x08003f25   Thumb Code     8  tasks.o(i.vTaskMissedYield)
    vTaskPlaceOnEventList                    0x08003f31   Thumb Code    28  tasks.o(i.vTaskPlaceOnEventList)
    vTaskPlaceOnEventListRestricted          0x08003f51   Thumb Code    36  tasks.o(i.vTaskPlaceOnEventListRestricted)
    vTaskPlaceOnUnorderedEventList           0x08003f79   Thumb Code    40  tasks.o(i.vTaskPlaceOnUnorderedEventList)
    vTaskSetTimeOutState                     0x08003fa5   Thumb Code    14  tasks.o(i.vTaskSetTimeOutState)
    vTaskStartScheduler                      0x08003fbd   Thumb Code   120  tasks.o(i.vTaskStartScheduler)
    vTaskSuspendAll                          0x08004051   Thumb Code    12  tasks.o(i.vTaskSuspendAll)
    vTaskSwitchContext                       0x08004061   Thumb Code    76  tasks.o(i.vTaskSwitchContext)
    xEventGroupClearBits                     0x080040c1   Thumb Code    32  event_groups.o(i.xEventGroupClearBits)
    xEventGroupCreate                        0x080040e1   Thumb Code    30  event_groups.o(i.xEventGroupCreate)
    xEventGroupSetBits                       0x080040ff   Thumb Code   146  event_groups.o(i.xEventGroupSetBits)
    xEventGroupWaitBits                      0x08004191   Thumb Code   194  event_groups.o(i.xEventGroupWaitBits)
    xPortStartScheduler                      0x08004259   Thumb Code    42  port.o(i.xPortStartScheduler)
    xPortSysTickHandler                      0x0800428d   Thumb Code    46  port.o(i.xPortSysTickHandler)
    xQueueGenericCreateStatic                0x080042c1   Thumb Code    46  queue.o(i.xQueueGenericCreateStatic)
    xQueueGenericReceive                     0x080042f1   Thumb Code   312  queue.o(i.xQueueGenericReceive)
    xQueueGenericReset                       0x0800442d   Thumb Code   122  queue.o(i.xQueueGenericReset)
    xQueueGenericSend                        0x080044ad   Thumb Code   276  queue.o(i.xQueueGenericSend)
    xQueueGenericSendFromISR                 0x080045c5   Thumb Code   134  queue.o(i.xQueueGenericSendFromISR)
    xTaskCheckForTimeOut                     0x0800464d   Thumb Code    84  tasks.o(i.xTaskCheckForTimeOut)
    xTaskCreate                              0x080046a9   Thumb Code   100  tasks.o(i.xTaskCreate)
    xTaskCreateStatic                        0x0800470d   Thumb Code    78  tasks.o(i.xTaskCreateStatic)
    xTaskGetSchedulerState                   0x0800475d   Thumb Code    24  tasks.o(i.xTaskGetSchedulerState)
    xTaskGetTickCount                        0x0800477d   Thumb Code     6  tasks.o(i.xTaskGetTickCount)
    xTaskIncrementTick                       0x08004789   Thumb Code   238  tasks.o(i.xTaskIncrementTick)
    xTaskRemoveFromEventList                 0x080048a5   Thumb Code   104  tasks.o(i.xTaskRemoveFromEventList)
    xTaskRemoveFromUnorderedEventList        0x08004925   Thumb Code    94  tasks.o(i.xTaskRemoveFromUnorderedEventList)
    xTaskResumeAll                           0x08004995   Thumb Code   196  tasks.o(i.xTaskResumeAll)
    xTimerCreateTimerTask                    0x08004a7d   Thumb Code    76  timers.o(i.xTimerCreateTimerTask)
    xTimerGenericCommand                     0x08004add   Thumb Code   104  timers.o(i.xTimerGenericCommand)
    Region$$Table$$Base                      0x08004b48   Number         0  anon$$obj.o(Region$$Table)
    Region$$Table$$Limit                     0x08004b68   Number         0  anon$$obj.o(Region$$Table)
    tempdata                                 0x20000018   Data           4  bsp_adc.o(.data)
    Event_Handle                             0x2000001c   Data           4  main.o(.data)
    KeyValue                                 0x20000038   Data           1  main.o(.data)
    pxCurrentTCB                             0x2000005c   Data           4  tasks.o(.data)
    __stdout                                 0x200000ac   Data           4  stdout.o(.data)
    xQueueRegistry                           0x20005840   Data          80  queue.o(.bss)
    __initial_sp                             0x20006490   Data           0  startup_stm32f10x_hd.o(STACK)



==============================================================================

Memory Map of the image

  Image Entry point : 0x08000131

  Load Region LR_IROM1 (Base: 0x08000000, Size: 0x00004c18, Max: 0x00080000, ABSOLUTE)

    Execution Region ER_IROM1 (Exec base: 0x08000000, Load base: 0x08000000, Size: 0x00004b68, Max: 0x00080000, ABSOLUTE)

    Exec Addr    Load Addr    Size         Type   Attr      Idx    E Section Name        Object

    0x08000000   0x08000000   0x00000130   Data   RO            3    RESET               startup_stm32f10x_hd.o
    0x08000130   0x08000130   0x00000000   Code   RO         4647  * .ARM.Collect$$$$00000000  mc_w.l(entry.o)
    0x08000130   0x08000130   0x00000004   Code   RO         4949    .ARM.Collect$$$$00000001  mc_w.l(entry2.o)
    0x08000134   0x08000134   0x00000004   Code   RO         4952    .ARM.Collect$$$$00000004  mc_w.l(entry5.o)
    0x08000138   0x08000138   0x00000000   Code   RO         4954    .ARM.Collect$$$$00000008  mc_w.l(entry7b.o)
    0x08000138   0x08000138   0x00000000   Code   RO         4956    .ARM.Collect$$$$0000000A  mc_w.l(entry8b.o)
    0x08000138   0x08000138   0x00000008   Code   RO         4957    .ARM.Collect$$$$0000000B  mc_w.l(entry9a.o)
    0x08000140   0x08000140   0x00000004   Code   RO         4964    .ARM.Collect$$$$0000000E  mc_w.l(entry12b.o)
    0x08000144   0x08000144   0x00000000   Code   RO         4959    .ARM.Collect$$$$0000000F  mc_w.l(entry10a.o)
    0x08000144   0x08000144   0x00000000   Code   RO         4961    .ARM.Collect$$$$00000011  mc_w.l(entry11a.o)
    0x08000144   0x08000144   0x00000004   Code   RO         4950    .ARM.Collect$$$$00002712  mc_w.l(entry2.o)
    0x08000148   0x08000148   0x00000096   Code   RO         3708    .emb_text           port.o
    0x080001de   0x080001de   0x00000002   PAD
    0x080001e0   0x080001e0   0x00000024   Code   RO            4    .text               startup_stm32f10x_hd.o
    0x08000204   0x08000204   0x00000024   Code   RO         4650    .text               mc_w.l(memcpya.o)
    0x08000228   0x08000228   0x00000024   Code   RO         4652    .text               mc_w.l(memseta.o)
    0x0800024c   0x0800024c   0x000000b0   Code   RO         4921    .text               mf_w.l(fadd.o)
    0x080002fc   0x080002fc   0x00000064   Code   RO         4923    .text               mf_w.l(fmul.o)
    0x08000360   0x08000360   0x0000007c   Code   RO         4925    .text               mf_w.l(fdiv.o)
    0x080003dc   0x080003dc   0x0000014e   Code   RO         4927    .text               mf_w.l(dadd.o)
    0x0800052a   0x0800052a   0x000000e4   Code   RO         4929    .text               mf_w.l(dmul.o)
    0x0800060e   0x0800060e   0x000000de   Code   RO         4931    .text               mf_w.l(ddiv.o)
    0x080006ec   0x080006ec   0x0000000a   Code   RO         4933    .text               mf_w.l(ffltui.o)
    0x080006f6   0x080006f6   0x00000022   Code   RO         4935    .text               mf_w.l(dflti.o)
    0x08000718   0x08000718   0x0000001a   Code   RO         4937    .text               mf_w.l(dfltui.o)
    0x08000732   0x08000732   0x00000028   Code   RO         4939    .text               mf_w.l(ffixui.o)
    0x0800075a   0x0800075a   0x00000026   Code   RO         4941    .text               mf_w.l(f2d.o)
    0x08000780   0x08000780   0x00000038   Code   RO         4943    .text               mf_w.l(d2f.o)
    0x080007b8   0x080007b8   0x00000014   Code   RO         4945    .text               mf_w.l(cfcmple.o)
    0x080007cc   0x080007cc   0x00000014   Code   RO         4947    .text               mf_w.l(cfrcmple.o)
    0x080007e0   0x080007e0   0x0000002c   Code   RO         4966    .text               mc_w.l(uidiv.o)
    0x0800080c   0x0800080c   0x00000062   Code   RO         4968    .text               mc_w.l(uldiv.o)
    0x0800086e   0x0800086e   0x0000001e   Code   RO         4970    .text               mc_w.l(llshl.o)
    0x0800088c   0x0800088c   0x00000024   Code   RO         4972    .text               mc_w.l(llsshr.o)
    0x080008b0   0x080008b0   0x00000000   Code   RO         4974    .text               mc_w.l(iusefp.o)
    0x080008b0   0x080008b0   0x0000006e   Code   RO         4975    .text               mf_w.l(fepilogue.o)
    0x0800091e   0x0800091e   0x000000ba   Code   RO         4977    .text               mf_w.l(depilogue.o)
    0x080009d8   0x080009d8   0x00000030   Code   RO         4979    .text               mf_w.l(dfixul.o)
    0x08000a08   0x08000a08   0x00000030   Code   RO         4981    .text               mf_w.l(cdrcmple.o)
    0x08000a38   0x08000a38   0x00000024   Code   RO         4983    .text               mc_w.l(init.o)
    0x08000a5c   0x08000a5c   0x00000020   Code   RO         4985    .text               mc_w.l(llushr.o)
    0x08000a7c   0x08000a7c   0x00000060   Code   RO         3336    i.ADC1_2_IRQHandler  bsp_adc.o
    0x08000adc   0x08000adc   0x0000000a   Code   RO          182    i.ADC_ClearITPendingBit  stm32f10x_adc.o
    0x08000ae6   0x08000ae6   0x00000016   Code   RO          183    i.ADC_Cmd           stm32f10x_adc.o
    0x08000afc   0x08000afc   0x0000008c   Code   RO         3337    i.ADC_Configuration  bsp_adc.o
    0x08000b88   0x08000b88   0x0000005c   Code   RO          185    i.ADC_DeInit        stm32f10x_adc.o
    0x08000be4   0x08000be4   0x00000014   Code   RO          191    i.ADC_GetCalibrationStatus  stm32f10x_adc.o
    0x08000bf8   0x08000bf8   0x00000008   Code   RO          192    i.ADC_GetConversionValue  stm32f10x_adc.o
    0x08000c00   0x08000c00   0x00000024   Code   RO          195    i.ADC_GetITStatus   stm32f10x_adc.o
    0x08000c24   0x08000c24   0x00000014   Code   RO          197    i.ADC_GetResetCalibrationStatus  stm32f10x_adc.o
    0x08000c38   0x08000c38   0x00000018   Code   RO          200    i.ADC_ITConfig      stm32f10x_adc.o
    0x08000c50   0x08000c50   0x0000009c   Code   RO         3338    i.ADC_Independent_Single_GetValue  bsp_adc.o
    0x08000cec   0x08000cec   0x00000050   Code   RO          201    i.ADC_Init          stm32f10x_adc.o
    0x08000d3c   0x08000d3c   0x00000026   Code   RO         3339    i.ADC_NVIC_Config   bsp_adc.o
    0x08000d62   0x08000d62   0x000000b8   Code   RO          205    i.ADC_RegularChannelConfig  stm32f10x_adc.o
    0x08000e1a   0x08000e1a   0x0000000a   Code   RO          206    i.ADC_ResetCalibration  stm32f10x_adc.o
    0x08000e24   0x08000e24   0x00000016   Code   RO          208    i.ADC_SoftwareStartConvCmd  stm32f10x_adc.o
    0x08000e3a   0x08000e3a   0x0000000a   Code   RO          210    i.ADC_StartCalibration  stm32f10x_adc.o
    0x08000e44   0x08000e44   0x00000048   Code   RO         3340    i.ADCx_GPIO_Config  bsp_adc.o
    0x08000e8c   0x08000e8c   0x0000000c   Code   RO         3341    i.ADCx_Init         bsp_adc.o
    0x08000e98   0x08000e98   0x00000360   Code   RO         3543    i.AppTaskCreate     main.o
    0x080011f8   0x080011f8   0x0000002e   Code   RO         3544    i.BSP_Init          main.o
    0x08001226   0x08001226   0x00000002   PAD
    0x08001228   0x08001228   0x0000017c   Code   RO         3545    i.Brake_Disc_Temperature_Task  main.o
    0x080013a4   0x080013a4   0x000000a4   Code   RO         3546    i.Brake_Oil_Pressure_Task  main.o
    0x08001448   0x08001448   0x00000004   Code   RO         3625    i.BusFault_Handler  stm32f10x_it.o
    0x0800144c   0x0800144c   0x00000044   Code   RO         3108    i.DEBUG_USART_Confog  bsp_usart.o
    0x08001490   0x08001490   0x00000002   Code   RO         3626    i.DebugMon_Handler  stm32f10x_it.o
    0x08001492   0x08001492   0x00000002   PAD
    0x08001494   0x08001494   0x00000044   Code   RO         3676    i.Delay_Init        bsp_delay.o
    0x080014d8   0x080014d8   0x00000116   Code   RO         1292    i.GPIO_Init         stm32f10x_gpio.o
    0x080015ee   0x080015ee   0x00000012   Code   RO         1296    i.GPIO_ReadInputDataBit  stm32f10x_gpio.o
    0x08001600   0x08001600   0x00000004   Code   RO         1299    i.GPIO_ResetBits    stm32f10x_gpio.o
    0x08001604   0x08001604   0x00000004   Code   RO         1300    i.GPIO_SetBits      stm32f10x_gpio.o
    0x08001608   0x08001608   0x00000020   Code   RO         3627    i.HardFault_Handler  stm32f10x_it.o
    0x08001628   0x08001628   0x00000074   Code   RO         3196    i.KEY_Config        bsp_key.o
    0x0800169c   0x0800169c   0x00000120   Code   RO         3547    i.KEY_Task          main.o
    0x080017bc   0x080017bc   0x00000118   Code   RO         3197    i.Key_Scan          bsp_key.o
    0x080018d4   0x080018d4   0x0000002c   Code   RO         3181    i.LED_Config        bsp_led.o
    0x08001900   0x08001900   0x00000040   Code   RO         3251    i.MPU6050ReadAcc    mpu6050.o
    0x08001940   0x08001940   0x00000034   Code   RO         3255    i.MPU6050_GPIO_Config  mpu6050.o
    0x08001974   0x08001974   0x0000004c   Code   RO         3256    i.MPU6050_Init      mpu6050.o
    0x080019c0   0x080019c0   0x00000058   Code   RO         3257    i.MPU6050_ReadData  mpu6050.o
    0x08001a18   0x08001a18   0x00000054   Code   RO         3258    i.MPU6050_ReturnTemp  mpu6050.o
    0x08001a6c   0x08001a6c   0x0000002e   Code   RO         3259    i.MPU6050_WriteReg  mpu6050.o
    0x08001a9a   0x08001a9a   0x00000004   Code   RO         3628    i.MemManage_Handler  stm32f10x_it.o
    0x08001a9e   0x08001a9e   0x00000002   Code   RO         3629    i.NMI_Handler       stm32f10x_it.o
    0x08001aa0   0x08001aa0   0x00000070   Code   RO          137    i.NVIC_Init         misc.o
    0x08001b10   0x08001b10   0x00000014   Code   RO          138    i.NVIC_PriorityGroupConfig  misc.o
    0x08001b24   0x08001b24   0x00000058   Code   RO         3163    i.PCM300D_deal      bsp_pcm300d.o
    0x08001b7c   0x08001b7c   0x000000ba   Code   RO         3444    i.PEC_Calculation   bsp_smbus_temperature.o
    0x08001c36   0x08001c36   0x00000002   PAD
    0x08001c38   0x08001c38   0x00000018   Code   RO         1706    i.RCC_ADCCLKConfig  stm32f10x_rcc.o
    0x08001c50   0x08001c50   0x00000020   Code   RO         1707    i.RCC_AHBPeriphClockCmd  stm32f10x_rcc.o
    0x08001c70   0x08001c70   0x00000020   Code   RO         1710    i.RCC_APB2PeriphClockCmd  stm32f10x_rcc.o
    0x08001c90   0x08001c90   0x00000020   Code   RO         1711    i.RCC_APB2PeriphResetCmd  stm32f10x_rcc.o
    0x08001cb0   0x08001cb0   0x000000d4   Code   RO         1718    i.RCC_GetClocksFreq  stm32f10x_rcc.o
    0x08001d84   0x08001d84   0x0000000c   Code   RO         3446    i.SMBus_Delay       bsp_smbus_temperature.o
    0x08001d90   0x08001d90   0x0000003c   Code   RO         3447    i.SMBus_GPIO_Init   bsp_smbus_temperature.o
    0x08001dcc   0x08001dcc   0x000000b4   Code   RO         3448    i.SMBus_ReadMemory  bsp_smbus_temperature.o
    0x08001e80   0x08001e80   0x00000048   Code   RO         3449    i.SMBus_Read_Body_Temperature  bsp_smbus_temperature.o
    0x08001ec8   0x08001ec8   0x00000048   Code   RO         3450    i.SMBus_Read_Enviroment_Temperature  bsp_smbus_temperature.o
    0x08001f10   0x08001f10   0x00000048   Code   RO         3452    i.SMBus_ReceiveBit  bsp_smbus_temperature.o
    0x08001f58   0x08001f58   0x00000032   Code   RO         3453    i.SMBus_ReceiveByte  bsp_smbus_temperature.o
    0x08001f8a   0x08001f8a   0x00000002   PAD
    0x08001f8c   0x08001f8c   0x00000044   Code   RO         3454    i.SMBus_SendBit     bsp_smbus_temperature.o
    0x08001fd0   0x08001fd0   0x00000034   Code   RO         3455    i.SMBus_SendByte    bsp_smbus_temperature.o
    0x08002004   0x08002004   0x00000044   Code   RO         3456    i.SMBus_StartBit    bsp_smbus_temperature.o
    0x08002048   0x08002048   0x00000040   Code   RO         3457    i.SMBus_StopBit     bsp_smbus_temperature.o
    0x08002088   0x08002088   0x00000008   Code   RO           24    i.SetSysClock       system_stm32f10x.o
    0x08002090   0x08002090   0x000000e0   Code   RO           25    i.SetSysClockTo72   system_stm32f10x.o
    0x08002170   0x08002170   0x000000c4   Code   RO         3548    i.Suspension_Displacement_Task  main.o
    0x08002234   0x08002234   0x00000028   Code   RO          141    i.SysTick_CLKSourceConfig  misc.o
    0x0800225c   0x0800225c   0x00000010   Code   RO         3630    i.SysTick_Handler   stm32f10x_it.o
    0x0800226c   0x0800226c   0x00000060   Code   RO           27    i.SystemInit        system_stm32f10x.o
    0x080022cc   0x080022cc   0x0000011c   Code   RO         3549    i.Three_Axis_Acceleration_Task  main.o
    0x080023e8   0x080023e8   0x00000018   Code   RO         2878    i.USART_Cmd         stm32f10x_usart.o
    0x08002400   0x08002400   0x00000010   Code   RO         3109    i.USART_Config      bsp_usart.o
    0x08002410   0x08002410   0x0000001a   Code   RO         2881    i.USART_GetFlagStatus  stm32f10x_usart.o
    0x0800242a   0x0800242a   0x00000002   PAD
    0x0800242c   0x0800242c   0x00000048   Code   RO         3110    i.USART_Gpio_Config  bsp_usart.o
    0x08002474   0x08002474   0x0000004a   Code   RO         2884    i.USART_ITConfig    stm32f10x_usart.o
    0x080024be   0x080024be   0x00000002   PAD
    0x080024c0   0x080024c0   0x000000d8   Code   RO         2885    i.USART_Init        stm32f10x_usart.o
    0x08002598   0x08002598   0x00000020   Code   RO         3111    i.USART_NVIC_Config  bsp_usart.o
    0x080025b8   0x080025b8   0x00000008   Code   RO         2895    i.USART_SendData    stm32f10x_usart.o
    0x080025c0   0x080025c0   0x00000004   Code   RO         3631    i.UsageFault_Handler  stm32f10x_it.o
    0x080025c4   0x080025c4   0x00000068   Code   RO         3321    i.XJWY_deal         bsp_xjwy.o
    0x0800262c   0x0800262c   0x00000020   Code   RO         4893    i.__0printf         mc_w.l(printfa.o)
    0x0800264c   0x0800264c   0x0000000e   Code   RO         4989    i.__scatterload_copy  mc_w.l(handlers.o)
    0x0800265a   0x0800265a   0x00000002   Code   RO         4990    i.__scatterload_null  mc_w.l(handlers.o)
    0x0800265c   0x0800265c   0x0000000e   Code   RO         4991    i.__scatterload_zeroinit  mc_w.l(handlers.o)
    0x0800266a   0x0800266a   0x00000002   PAD
    0x0800266c   0x0800266c   0x00000184   Code   RO         4900    i._fp_digits        mc_w.l(printfa.o)
    0x080027f0   0x080027f0   0x000006b4   Code   RO         4901    i._printf_core      mc_w.l(printfa.o)
    0x08002ea4   0x08002ea4   0x00000024   Code   RO         4902    i._printf_post_padding  mc_w.l(printfa.o)
    0x08002ec8   0x08002ec8   0x0000002e   Code   RO         4903    i._printf_pre_padding  mc_w.l(printfa.o)
    0x08002ef6   0x08002ef6   0x00000002   PAD
    0x08002ef8   0x08002ef8   0x00000044   Code   RO         3677    i.delay_ms          bsp_delay.o
    0x08002f3c   0x08002f3c   0x00000048   Code   RO         3678    i.delay_us          bsp_delay.o
    0x08002f84   0x08002f84   0x00000018   Code   RO         3679    i.delay_xms         bsp_delay.o
    0x08002f9c   0x08002f9c   0x00000024   Code   RO         3114    i.fputc             bsp_usart.o
    0x08002fc0   0x08002fc0   0x00000034   Code   RO         3379    i.i2c_Ack           bsp_i2c_mpu6050.o
    0x08002ff4   0x08002ff4   0x0000000e   Code   RO         3381    i.i2c_Delay         bsp_i2c_mpu6050.o
    0x08003002   0x08003002   0x00000002   PAD
    0x08003004   0x08003004   0x0000002c   Code   RO         3382    i.i2c_GPIO_Config   bsp_i2c_mpu6050.o
    0x08003030   0x08003030   0x0000002c   Code   RO         3383    i.i2c_NAck          bsp_i2c_mpu6050.o
    0x0800305c   0x0800305c   0x00000050   Code   RO         3384    i.i2c_ReadByte      bsp_i2c_mpu6050.o
    0x080030ac   0x080030ac   0x0000005c   Code   RO         3385    i.i2c_SendByte      bsp_i2c_mpu6050.o
    0x08003108   0x08003108   0x00000034   Code   RO         3386    i.i2c_Start         bsp_i2c_mpu6050.o
    0x0800313c   0x0800313c   0x00000024   Code   RO         3387    i.i2c_Stop          bsp_i2c_mpu6050.o
    0x08003160   0x08003160   0x00000040   Code   RO         3388    i.i2c_WaitAck       bsp_i2c_mpu6050.o
    0x080031a0   0x080031a0   0x0000008c   Code   RO         3550    i.main              main.o
    0x0800322c   0x0800322c   0x00000098   Code   RO         4165    i.prvAddCurrentTaskToDelayedList  tasks.o
    0x080032c4   0x080032c4   0x000000b8   Code   RO         4166    i.prvAddNewTaskToReadyList  tasks.o
    0x0800337c   0x0800337c   0x00000074   Code   RO         4511    i.prvCheckForValidListAndQueue  timers.o
    0x080033f0   0x080033f0   0x00000064   Code   RO         4167    i.prvCheckTasksWaitingTermination  tasks.o
    0x08003454   0x08003454   0x0000002a   Code   RO         3987    i.prvCopyDataFromQueue  queue.o
    0x0800347e   0x0800347e   0x0000006a   Code   RO         3988    i.prvCopyDataToQueue  queue.o
    0x080034e8   0x080034e8   0x00000028   Code   RO         4168    i.prvDeleteTCB      tasks.o
    0x08003510   0x08003510   0x00000028   Code   RO         4512    i.prvGetNextExpireTime  timers.o
    0x08003538   0x08003538   0x0000007c   Code   RO         3779    i.prvHeapInit       heap_4.o
    0x080035b4   0x080035b4   0x00000028   Code   RO         4169    i.prvIdleTask       tasks.o
    0x080035dc   0x080035dc   0x0000002a   Code   RO         3989    i.prvInitialiseNewQueue  queue.o
    0x08003606   0x08003606   0x0000008e   Code   RO         4170    i.prvInitialiseNewTask  tasks.o
    0x08003694   0x08003694   0x00000068   Code   RO         4171    i.prvInitialiseTaskLists  tasks.o
    0x080036fc   0x080036fc   0x00000068   Code   RO         3780    i.prvInsertBlockIntoFreeList  heap_4.o
    0x08003764   0x08003764   0x00000058   Code   RO         4514    i.prvInsertTimerInActiveList  timers.o
    0x080037bc   0x080037bc   0x0000001a   Code   RO         3990    i.prvIsQueueEmpty   queue.o
    0x080037d6   0x080037d6   0x0000001e   Code   RO         3991    i.prvIsQueueFull    queue.o
    0x080037f4   0x080037f4   0x0000004c   Code   RO         4515    i.prvProcessExpiredTimer  timers.o
    0x08003840   0x08003840   0x000000d4   Code   RO         4516    i.prvProcessReceivedCommands  timers.o
    0x08003914   0x08003914   0x00000074   Code   RO         4517    i.prvProcessTimerOrBlockTask  timers.o
    0x08003988   0x08003988   0x00000034   Code   RO         4173    i.prvResetNextTaskUnblockTime  tasks.o
    0x080039bc   0x080039bc   0x0000002c   Code   RO         4518    i.prvSampleTimeNow  timers.o
    0x080039e8   0x080039e8   0x00000084   Code   RO         4519    i.prvSwitchTimerLists  timers.o
    0x08003a6c   0x08003a6c   0x00000016   Code   RO         3709    i.prvTaskExitError  port.o
    0x08003a82   0x08003a82   0x0000001e   Code   RO         3846    i.prvTestWaitCondition  event_groups.o
    0x08003aa0   0x08003aa0   0x0000001a   Code   RO         4520    i.prvTimerTask      timers.o
    0x08003aba   0x08003aba   0x0000007e   Code   RO         3992    i.prvUnlockQueue    queue.o
    0x08003b38   0x08003b38   0x000000d0   Code   RO         3781    i.pvPortMalloc      heap_4.o
    0x08003c08   0x08003c08   0x00000024   Code   RO         3710    i.pxPortInitialiseStack  port.o
    0x08003c2c   0x08003c2c   0x00000028   Code   RO         3950    i.uxListRemove      list.o
    0x08003c54   0x08003c54   0x0000001c   Code   RO         4183    i.uxTaskResetEventItemValue  tasks.o
    0x08003c70   0x08003c70   0x00000018   Code   RO         3551    i.vApplicationGetIdleTaskMemory  main.o
    0x08003c88   0x08003c88   0x00000018   Code   RO         3552    i.vApplicationGetTimerTaskMemory  main.o
    0x08003ca0   0x08003ca0   0x0000001a   Code   RO         3951    i.vListInitialise   list.o
    0x08003cba   0x08003cba   0x00000006   Code   RO         3952    i.vListInitialiseItem  list.o
    0x08003cc0   0x08003cc0   0x00000034   Code   RO         3953    i.vListInsert       list.o
    0x08003cf4   0x08003cf4   0x00000018   Code   RO         3954    i.vListInsertEnd    list.o
    0x08003d0c   0x08003d0c   0x00000024   Code   RO         3712    i.vPortEnterCritical  port.o
    0x08003d30   0x08003d30   0x00000020   Code   RO         3713    i.vPortExitCritical  port.o
    0x08003d50   0x08003d50   0x00000048   Code   RO         3782    i.vPortFree         heap_4.o
    0x08003d98   0x08003d98   0x00000014   Code   RO         3714    i.vPortSetupTimerInterrupt  port.o
    0x08003dac   0x08003dac   0x0000002c   Code   RO         3998    i.vQueueAddToRegistry  queue.o
    0x08003dd8   0x08003dd8   0x0000004a   Code   RO         4002    i.vQueueWaitForMessageRestricted  queue.o
    0x08003e22   0x08003e22   0x00000002   PAD
    0x08003e24   0x08003e24   0x00000034   Code   RO         4184    i.vTaskDelay        tasks.o
    0x08003e58   0x08003e58   0x000000cc   Code   RO         4186    i.vTaskDelete       tasks.o
    0x08003f24   0x08003f24   0x0000000c   Code   RO         4190    i.vTaskMissedYield  tasks.o
    0x08003f30   0x08003f30   0x00000020   Code   RO         4192    i.vTaskPlaceOnEventList  tasks.o
    0x08003f50   0x08003f50   0x00000028   Code   RO         4193    i.vTaskPlaceOnEventListRestricted  tasks.o
    0x08003f78   0x08003f78   0x0000002c   Code   RO         4194    i.vTaskPlaceOnUnorderedEventList  tasks.o
    0x08003fa4   0x08003fa4   0x00000018   Code   RO         4198    i.vTaskSetTimeOutState  tasks.o
    0x08003fbc   0x08003fbc   0x00000094   Code   RO         4199    i.vTaskStartScheduler  tasks.o
    0x08004050   0x08004050   0x00000010   Code   RO         4201    i.vTaskSuspendAll   tasks.o
    0x08004060   0x08004060   0x00000060   Code   RO         4202    i.vTaskSwitchContext  tasks.o
    0x080040c0   0x080040c0   0x00000020   Code   RO         3851    i.xEventGroupClearBits  event_groups.o
    0x080040e0   0x080040e0   0x0000001e   Code   RO         3853    i.xEventGroupCreate  event_groups.o
    0x080040fe   0x080040fe   0x00000092   Code   RO         3856    i.xEventGroupSetBits  event_groups.o
    0x08004190   0x08004190   0x000000c8   Code   RO         3859    i.xEventGroupWaitBits  event_groups.o
    0x08004258   0x08004258   0x00000034   Code   RO         3715    i.xPortStartScheduler  port.o
    0x0800428c   0x0800428c   0x00000034   Code   RO         3716    i.xPortSysTickHandler  port.o
    0x080042c0   0x080042c0   0x0000002e   Code   RO         4004    i.xQueueGenericCreateStatic  queue.o
    0x080042ee   0x080042ee   0x00000002   PAD
    0x080042f0   0x080042f0   0x0000013c   Code   RO         4005    i.xQueueGenericReceive  queue.o
    0x0800442c   0x0800442c   0x00000080   Code   RO         4006    i.xQueueGenericReset  queue.o
    0x080044ac   0x080044ac   0x00000118   Code   RO         4007    i.xQueueGenericSend  queue.o
    0x080045c4   0x080045c4   0x00000086   Code   RO         4008    i.xQueueGenericSendFromISR  queue.o
    0x0800464a   0x0800464a   0x00000002   PAD
    0x0800464c   0x0800464c   0x0000005c   Code   RO         4203    i.xTaskCheckForTimeOut  tasks.o
    0x080046a8   0x080046a8   0x00000064   Code   RO         4204    i.xTaskCreate       tasks.o
    0x0800470c   0x0800470c   0x0000004e   Code   RO         4205    i.xTaskCreateStatic  tasks.o
    0x0800475a   0x0800475a   0x00000002   PAD
    0x0800475c   0x0800475c   0x00000020   Code   RO         4208    i.xTaskGetSchedulerState  tasks.o
    0x0800477c   0x0800477c   0x0000000c   Code   RO         4209    i.xTaskGetTickCount  tasks.o
    0x08004788   0x08004788   0x0000011c   Code   RO         4211    i.xTaskIncrementTick  tasks.o
    0x080048a4   0x080048a4   0x00000080   Code   RO         4214    i.xTaskRemoveFromEventList  tasks.o
    0x08004924   0x08004924   0x00000070   Code   RO         4215    i.xTaskRemoveFromUnorderedEventList  tasks.o
    0x08004994   0x08004994   0x000000e8   Code   RO         4216    i.xTaskResumeAll    tasks.o
    0x08004a7c   0x08004a7c   0x00000060   Code   RO         4525    i.xTimerCreateTimerTask  timers.o
    0x08004adc   0x08004adc   0x0000006c   Code   RO         4526    i.xTimerGenericCommand  timers.o
    0x08004b48   0x08004b48   0x00000020   Data   RO         4987    Region$$Table       anon$$obj.o


    Execution Region RW_IRAM1 (Exec base: 0x20000000, Load base: 0x08004b68, Size: 0x00006490, Max: 0x00010000, ABSOLUTE)

    Exec Addr    Load Addr    Size         Type   Attr      Idx    E Section Name        Object

    0x20000000   0x08004b68   0x00000014   Data   RW         1738    .data               stm32f10x_rcc.o
    0x20000014   0x08004b7c   0x00000001   Data   RW         3198    .data               bsp_key.o
    0x20000015   0x08004b7d   0x00000003   PAD
    0x20000018   0x08004b80   0x00000004   Data   RW         3342    .data               bsp_adc.o
    0x2000001c   0x08004b84   0x0000001d   Data   RW         3554    .data               main.o
    0x20000039   0x08004ba1   0x00000001   PAD
    0x2000003a   0x08004ba2   0x00000004   Data   RW         3680    .data               bsp_delay.o
    0x2000003e   0x08004ba6   0x00000002   PAD
    0x20000040   0x08004ba8   0x00000004   Data   RW         3717    .data               port.o
    0x20000044   0x08004bac   0x00000018   Data   RW         3787    .data               heap_4.o
    0x2000005c   0x08004bc4   0x0000003c   Data   RW         4219    .data               tasks.o
    0x20000098   0x08004c00   0x00000014   Data   RW         4534    .data               timers.o
    0x200000ac   0x08004c14   0x00000004   Data   RW         4965    .data               mc_w.l(stdout.o)
    0x200000b0        -       0x00000790   Zero   RW         3553    .bss                main.o
    0x20000840        -       0x00005000   Zero   RW         3786    .bss                heap_4.o
    0x20005840        -       0x00000050   Zero   RW         4014    .bss                queue.o
    0x20005890        -       0x000002e4   Zero   RW         4218    .bss                tasks.o
    0x20005b74        -       0x00000118   Zero   RW         4533    .bss                timers.o
    0x20005c8c   0x08004c18   0x00000004   PAD
    0x20005c90        -       0x00000800   Zero   RW            1    STACK               startup_stm32f10x_hd.o


==============================================================================

Image component sizes


      Code (inc. data)   RO Data    RW Data    ZI Data      Debug   Object Name

       514         48          0          4          0       3581   bsp_adc.o
       232         20          0          4          0       2611   bsp_delay.o
       478         36          0          0          0       4834   bsp_i2c_mpu6050.o
       396         54          0          1          0      18244   bsp_key.o
        44          4          0          0          0        501   bsp_led.o
        88         16          0          0          0        639   bsp_pcm300d.o
       956         56          0          0          0       8180   bsp_smbus_temperature.o
       224         12          0          0          0       3932   bsp_usart.o
       104         16          0          0          0        680   bsp_xjwy.o
         0          0          0          0          0       4540   core_cm3.o
       438          6          0          0          0      20422   event_groups.o
       508         62          0         24      20480       5431   heap_4.o
       148          0          0          0          0       3254   list.o
      2410       1144          0         29       1936      10452   main.o
       172         22          0          0          0       2297   misc.o
       410         18          0          0          0       3629   mpu6050.o
       400         50          0          4          0       9060   port.o
      1394         20          0          0         80      15147   queue.o
        36          8        304          0       2048        868   startup_stm32f10x_hd.o
       538         24          0          0          0      10671   stm32f10x_adc.o
       304          0          0          0          0       3952   stm32f10x_gpio.o
        64         22          0          0          0       3183   stm32f10x_it.o
       332         44          0         20          0       5933   stm32f10x_rcc.o
       348          6          0          0          0       5209   stm32f10x_usart.o
       328         28          0          0          0     239385   system_stm32f10x.o
      2580        394          0         60        740      37467   tasks.o
      1054        122          0         20        280       9135   timers.o

    ----------------------------------------------------------------------
     14524       2232        336        172      25568     433237   Object Totals
         0          0         32          0          0          0   (incl. Generated)
        24          0          0          6          4          0   (incl. Padding)

    ----------------------------------------------------------------------

      Code (inc. data)   RO Data    RW Data    ZI Data      Debug   Library Member Name

         0          0          0          0          0          0   entry.o
         0          0          0          0          0          0   entry10a.o
         0          0          0          0          0          0   entry11a.o
         4          0          0          0          0          0   entry12b.o
         8          4          0          0          0          0   entry2.o
         4          0          0          0          0          0   entry5.o
         0          0          0          0          0          0   entry7b.o
         0          0          0          0          0          0   entry8b.o
         8          4          0          0          0          0   entry9a.o
        30          0          0          0          0          0   handlers.o
        36          8          0          0          0         68   init.o
         0          0          0          0          0          0   iusefp.o
        30          0          0          0          0         68   llshl.o
        36          0          0          0          0         68   llsshr.o
        32          0          0          0          0         68   llushr.o
        36          0          0          0          0         68   memcpya.o
        36          0          0          0          0        108   memseta.o
      2218         90          0          0          0        464   printfa.o
         0          0          0          4          0          0   stdout.o
        44          0          0          0          0         80   uidiv.o
        98          0          0          0          0         92   uldiv.o
        48          0          0          0          0         68   cdrcmple.o
        20          0          0          0          0         68   cfcmple.o
        20          0          0          0          0         68   cfrcmple.o
        56          0          0          0          0         88   d2f.o
       334          0          0          0          0        148   dadd.o
       222          0          0          0          0        100   ddiv.o
       186          0          0          0          0        176   depilogue.o
        48          0          0          0          0         68   dfixul.o
        34          0          0          0          0         76   dflti.o
        26          0          0          0          0         76   dfltui.o
       228          0          0          0          0         96   dmul.o
        38          0          0          0          0         68   f2d.o
       176          0          0          0          0        140   fadd.o
       124          0          0          0          0         88   fdiv.o
       110          0          0          0          0        168   fepilogue.o
        40          0          0          0          0         68   ffixui.o
        10          0          0          0          0         68   ffltui.o
       100          0          0          0          0         76   fmul.o

    ----------------------------------------------------------------------
      4444        106          0          4          0       2792   Library Totals
         4          0          0          0          0          0   (incl. Padding)

    ----------------------------------------------------------------------

      Code (inc. data)   RO Data    RW Data    ZI Data      Debug   Library Name

      2620        106          0          4          0       1084   mc_w.l
      1820          0          0          0          0       1708   mf_w.l

    ----------------------------------------------------------------------
      4444        106          0          4          0       2792   Library Totals

    ----------------------------------------------------------------------

==============================================================================


      Code (inc. data)   RO Data    RW Data    ZI Data      Debug   

     18968       2338        336        176      25568     425989   Grand Totals
     18968       2338        336        176      25568     425989   ELF Image Totals
     18968       2338        336        176          0          0   ROM Totals

==============================================================================

    Total RO  Size (Code + RO Data)                19304 (  18.85kB)
    Total RW  Size (RW Data + ZI Data)             25744 (  25.14kB)
    Total ROM Size (Code + RO Data + RW Data)      19480 (  19.02kB)

==============================================================================

