<html>
<body>
<pre>
<h1>礦ision Build Log</h1>
<h2>Tool Versions:</h2>
IDE-Version: μVision V5.33.0.0
Copyright (C) 2020 ARM Ltd and ARM Germany GmbH. All rights reserved.
License Information: LC LC, LC, LIC=HN0AE-5KZFN-LQC0Q-NN4XC-T45UT-ERS37
 
Tool Versions:
Toolchain:       MDK-ARM Plus  Version: 5.33.0.0
Toolchain Path:  D:\software\keil 5 install\ARM\ARMCC\Bin
C Compiler:      Armcc.exe V5.06 update 7 (build 960)
Assembler:       Armasm.exe V5.06 update 7 (build 960)
Linker/Locator:  ArmLink.exe V5.06 update 7 (build 960)
Library Manager: ArmAr.exe V5.06 update 7 (build 960)
Hex Converter:   FromElf.exe V5.06 update 7 (build 960)
CPU DLL:         SARMCM3.DLL V5.33.0.0
Dialog DLL:      DCM.DLL V1.17.3.0
Target DLL:      CMSIS_AGDI.dll V1.32.12.0
Dialog DLL:      TCM.DLL V1.48.0.0
 
<h2>Project:</h2>
C:\Users\19565\Desktop\22赛季FWT_ELE\油车\软件\整车测试板程序\Project\FTW_BAJA_Text.uvprojx
Project File Date:  11/24/2022

<h2>Output:</h2>
*** Using Compiler 'V5.06 update 7 (build 960)', folder: 'D:\software\keil 5 install\ARM\ARMCC\Bin'
Rebuild target 'Target 1'
assembling startup_stm32f10x_hd.s...
compiling system_stm32f10x.c...
compiling stm32f10x_crc.c...
compiling stm32f10x_dac.c...
compiling core_cm3.c...
compiling stm32f10x_cec.c...
compiling misc.c...
compiling stm32f10x_adc.c...
compiling stm32f10x_can.c...
compiling stm32f10x_dbgmcu.c...
compiling stm32f10x_exti.c...
compiling stm32f10x_dma.c...
compiling stm32f10x_bkp.c...
compiling stm32f10x_flash.c...
compiling stm32f10x_iwdg.c...
compiling stm32f10x_fsmc.c...
compiling stm32f10x_i2c.c...
compiling stm32f10x_pwr.c...
compiling stm32f10x_gpio.c...
compiling stm32f10x_rcc.c...
compiling stm32f10x_sdio.c...
compiling stm32f10x_spi.c...
compiling stm32f10x_rtc.c...
compiling stm32f10x_usart.c...
compiling stm32f10x_tim.c...
compiling bsp_pcm300d.c...
compiling bsp_led.c...
compiling stm32f10x_wwdg.c...
compiling bsp_usart.c...
compiling bsp_xjwy.c...
compiling bsp_i2c_mpu6050.c...
compiling bsp_adc.c...
compiling bsp_key.c...
compiling mpu6050.c...
compiling bsp_SMBus_temperature.c...
compiling stm32f10x_it.c...
compiling main.c...
..\User\main.c(269): warning:  #550-D: variable "xResult"  was set but never used
  	BaseType_t xResult;
..\User\main.c: 1 warning, 0 errors
compiling bsp_delay.c...
compiling event_groups.c...
compiling list.c...
compiling croutine.c...
compiling heap_4.c...
compiling queue.c...
compiling timers.c...
compiling port.c...
compiling tasks.c...
linking...
Program Size: Code=18968 RO-data=336 RW-data=176 ZI-data=25568  
FromELF: creating hex file...
".\Objects\FTW_BAJA_Text.axf" - 0 Error(s), 1 Warning(s).

<h2>Software Packages used:</h2>

Package Vendor: Keil
                http://www.keil.com/pack/Keil.STM32F1xx_DFP.2.4.0.pack
                Keil.STM32F1xx_DFP.2.4.0
                STMicroelectronics STM32F1 Series Device Support, Drivers and Examples

<h2>Collection of Component include folders:</h2>
  C:\Users\19565\AppData\Local\Arm\Packs\Keil\STM32F1xx_DFP\2.4.0\Device\Include

<h2>Collection of Component Files used:</h2>
Build Time Elapsed:  00:00:05
</pre>
</body>
</html>
